 zlibwapi

 Timestamp is 5070a2fc (Sat Oct 06 17:30:36 2012)

 Preferred load address is 0000000180000000

 Start         Length     Name                   Class
 0001:00000000 0001079aH .text                   CODE
 0001:000107a0 000000abH .text$x                 CODE
 0002:00000000 000001b8H .idata$5                DATA
 0002:000001b8 00000008H .CRT$XCA                DATA
 0002:000001c0 00000008H .CRT$XCZ                DATA
 0002:000001c8 00000008H .CRT$XIA                DATA
 0002:000001d0 00000008H .CRT$XIAA               DATA
 0002:000001d8 00000008H .CRT$XIC                DATA
 0002:000001e0 00000008H .CRT$XIZ                DATA
 0002:000001f0 000044c0H .rdata                  DATA
 0002:000046b0 00000008H .rtc$IAA                DATA
 0002:000046b8 00000008H .rtc$IZZ                DATA
 0002:000046c0 00000008H .rtc$TAA                DATA
 0002:000046c8 00000008H .rtc$TZZ                DATA
 0002:000046d0 00001120H .xdata                  DATA
 0002:000057f0 00000028H .idata$2                DATA
 0002:00005818 00000014H .idata$3                DATA
 0002:00005830 000001b8H .idata$4                DATA
 0002:000059e8 000002f2H .idata$6                DATA
 0002:00005ce0 00000b9dH .edata                  DATA
 0003:00000000 00000080H .data                   DATA
 0003:00000080 00000048H .bss                    DATA
 0004:00000000 00000f18H .pdata                  DATA
 0005:00000000 00000058H .rsrc$01                DATA
 0005:00000060 00000330H .rsrc$02                DATA

  Address         Publics by Value              Rva+Base               Lib:Object

 0000:00000000       ___safe_se_handler_count   0000000000000000     <absolute>
 0000:00000000       ___safe_se_handler_table   0000000000000000     <absolute>
 0000:00000000       __ImageBase                0000000180000000     <linker-defined>
 0001:00000000       adler32                    0000000180001000 f   adler32.obj
 0001:00000390       adler32_combine            0000000180001390 f   adler32.obj
 0001:000003a0       compress2                  00000001800013a0 f   compress.obj
 0001:00000450       compress                   0000000180001450 f   compress.obj
 0001:00000470       compressBound              0000000180001470 f   compress.obj
 0001:00000490       get_crc_table              0000000180001490 f   crc32.obj
 0001:000004a0       crc32                      00000001800014a0 f   crc32.obj
 0001:000008f0       crc32_combine              00000001800018f0 f   crc32.obj
 0001:00000900       deflateInit_               0000000180001900 f   deflate.obj
 0001:00000940       deflateInit2_              0000000180001940 f   deflate.obj
 0001:00000bd0       deflateSetDictionary       0000000180001bd0 f   deflate.obj
 0001:00000d20       deflateReset               0000000180001d20 f   deflate.obj
 0001:00000df0       deflateSetHeader           0000000180001df0 f   deflate.obj
 0001:00000e20       deflatePrime               0000000180001e20 f   deflate.obj
 0001:00000e60       deflateParams              0000000180001e60 f   deflate.obj
 0001:00000f70       deflateTune                0000000180001f70 f   deflate.obj
 0001:00000fb0       deflateBound               0000000180001fb0 f   deflate.obj
 0001:00001170       deflate                    0000000180002170 f   deflate.obj
 0001:000019f0       deflateEnd                 00000001800029f0 f   deflate.obj
 0001:00001ad0       deflateCopy                0000000180002ad0 f   deflate.obj
 0001:000030f0       gzclose                    00000001800040f0 f   gzclose.obj
 0001:000033d0       gzopen                     00000001800043d0 f   gzlib.obj
 0001:000033e0       gzdopen                    00000001800043e0 f   gzlib.obj
 0001:00003460       gzbuffer                   0000000180004460 f   gzlib.obj
 0001:00003490       gzrewind                   0000000180004490 f   gzlib.obj
 0001:000034e0       gzseek64                   00000001800044e0 f   gzlib.obj
 0001:00003620       gzseek                     0000000180004620 f   gzlib.obj
 0001:00003630       gztell64                   0000000180004630 f   gzlib.obj
 0001:00003660       gztell                     0000000180004660 f   gzlib.obj
 0001:00003670       gzoffset64                 0000000180004670 f   gzlib.obj
 0001:000036c0       gzoffset                   00000001800046c0 f   gzlib.obj
 0001:000036d0       gzeof                      00000001800046d0 f   gzlib.obj
 0001:00003700       gzerror                    0000000180004700 f   gzlib.obj
 0001:00003740       gzclearerr                 0000000180004740 f   gzlib.obj
 0001:00003780       gz_error                   0000000180004780 f   gzlib.obj
 0001:00004240       gzread                     0000000180005240 f   gzread.obj
 0001:000043d0       gzgetc                     00000001800053d0 f   gzread.obj
 0001:00004440       gzungetc                   0000000180005440 f   gzread.obj
 0001:00004540       gzgets                     0000000180005540 f   gzread.obj
 0001:00004670       gzdirect                   0000000180005670 f   gzread.obj
 0001:000046b0       gzclose_r                  00000001800056b0 f   gzread.obj
 0001:00004a20       gzwrite                    0000000180005a20 f   gzwrite.obj
 0001:00004b50       gzputc                     0000000180005b50 f   gzwrite.obj
 0001:00004c00       gzputs                     0000000180005c00 f   gzwrite.obj
 0001:00004c40       gzprintf                   0000000180005c40 f   gzwrite.obj
 0001:00004d30       gzflush                    0000000180005d30 f   gzwrite.obj
 0001:00004db0       gzsetparams                0000000180005db0 f   gzwrite.obj
 0001:00004e70       gzclose_w                  0000000180005e70 f   gzwrite.obj
 0001:00004f20       inflateBackInit_           0000000180005f20 f   infback.obj
 0001:00005060       inflateBack                0000000180006060 f   infback.obj
 0001:00006050       inflateBackEnd             0000000180007050 f   infback.obj
 0001:000060a0       inflate_fast               00000001800070a0 f   inffast.obj
 0001:00006580       inflateReset               0000000180007580 f   inflate.obj
 0001:00006600       inflateReset2              0000000180007600 f   inflate.obj
 0001:000066b0       inflateInit2_              00000001800076b0 f   inflate.obj
 0001:000067a0       inflateInit_               00000001800077a0 f   inflate.obj
 0001:000067b0       inflatePrime               00000001800077b0 f   inflate.obj
 0001:00006940       inflate                    0000000180007940 f   inflate.obj
 0001:00008030       inflateEnd                 0000000180009030 f   inflate.obj
 0001:00008090       inflateSetDictionary       0000000180009090 f   inflate.obj
 0001:00008180       inflateGetHeader           0000000180009180 f   inflate.obj
 0001:00008220       inflateSync                0000000180009220 f   inflate.obj
 0001:00008330       inflateSyncPoint           0000000180009330 f   inflate.obj
 0001:00008360       inflateCopy                0000000180009360 f   inflate.obj
 0001:000085e0       inflateUndermine           00000001800095e0 f   inflate.obj
 0001:00008610       inflateMark                0000000180009610 f   inflate.obj
 0001:00008670       inflate_table              0000000180009670 f   inftrees.obj
 0001:00008b00       call_zopen64               0000000180009b00 f   ioapi.obj
 0001:00008b20       call_zseek64               0000000180009b20 f   ioapi.obj
 0001:00008b50       call_ztell64               0000000180009b50 f   ioapi.obj
 0001:00008b90       fill_zlib_filefunc64_32_def_from_filefunc32 0000000180009b90 f   ioapi.obj
 0001:00008d00       fill_fopen64_filefunc      0000000180009d00 f   ioapi.obj
 0001:00008e30       win32_open_file_func       0000000180009e30 f   iowin32.obj
 0001:00008e30       win32_open64_file_func     0000000180009e30 f   iowin32.obj
 0001:00008e30       win32_open64_file_funcA    0000000180009e30 f   iowin32.obj
 0001:00008eb0       win32_open64_file_funcW    0000000180009eb0 f   iowin32.obj
 0001:00008f30       win32_read_file_func       0000000180009f30 f   iowin32.obj
 0001:00008fa0       win32_write_file_func      0000000180009fa0 f   iowin32.obj
 0001:00009010       win32_tell_file_func       000000018000a010 f   iowin32.obj
 0001:00009050       win32_tell64_file_func     000000018000a050 f   iowin32.obj
 0001:000090c0       win32_seek_file_func       000000018000a0c0 f   iowin32.obj
 0001:00009140       win32_seek64_file_func     000000018000a140 f   iowin32.obj
 0001:000091d0       win32_close_file_func      000000018000a1d0 f   iowin32.obj
 0001:00009210       win32_error_file_func      000000018000a210 f   iowin32.obj
 0001:00009220       fill_win32_filefunc        000000018000a220 f   iowin32.obj
 0001:00009280       fill_win32_filefunc64A     000000018000a280 f   iowin32.obj
 0001:00009280       fill_win32_filefunc64      000000018000a280 f   iowin32.obj
 0001:000092e0       fill_win32_filefunc64W     000000018000a2e0 f   iowin32.obj
 0001:00009340       _tr_init                   000000018000a340 f   trees.obj
 0001:0000a3c0       _tr_stored_block           000000018000b3c0 f   trees.obj
 0001:0000a450       _tr_align                  000000018000b450 f   trees.obj
 0001:0000a670       _tr_flush_block            000000018000b670 f   trees.obj
 0001:0000af20       uncompress                 000000018000bf20 f   uncompr.obj
 0001:0000b390       unzStringFileNameCompare   000000018000c390 f   unzip.obj
 0001:0000bbf0       unzOpen2                   000000018000cbf0 f   unzip.obj
 0001:0000bc40       unzOpen2_64                000000018000cc40 f   unzip.obj
 0001:0000bca0       unzOpen                    000000018000cca0 f   unzip.obj
 0001:0000bcb0       unzOpen64                  000000018000ccb0 f   unzip.obj
 0001:0000bcc0       unzClose                   000000018000ccc0 f   unzip.obj
 0001:0000bd10       unzGetGlobalInfo64         000000018000cd10 f   unzip.obj
 0001:0000bd30       unzGetGlobalInfo           000000018000cd30 f   unzip.obj
 0001:0000c2f0       unzGetCurrentFileInfo64    000000018000d2f0 f   unzip.obj
 0001:0000c340       unzGetCurrentFileInfo      000000018000d340 f   unzip.obj
 0001:0000c430       unzGoToFirstFile           000000018000d430 f   unzip.obj
 0001:0000c4b0       unzGoToNextFile            000000018000d4b0 f   unzip.obj
 0001:0000c570       unzLocateFile              000000018000d570 f   unzip.obj
 0001:0000c750       unzGetFilePos64            000000018000d750 f   unzip.obj
 0001:0000c790       unzGetFilePos              000000018000d790 f   unzip.obj
 0001:0000c7c0       unzGoToFilePos64           000000018000d7c0 f   unzip.obj
 0001:0000c840       unzGoToFilePos             000000018000d840 f   unzip.obj
 0001:0000caa0       unzOpenCurrentFile3        000000018000daa0 f   unzip.obj
 0001:0000cd60       unzOpenCurrentFile         000000018000dd60 f   unzip.obj
 0001:0000cd80       unzOpenCurrentFilePassword 000000018000dd80 f   unzip.obj
 0001:0000cda0       unzOpenCurrentFile2        000000018000dda0 f   unzip.obj
 0001:0000cdc0       unzGetCurrentFileZStreamPos64 000000018000ddc0 f   unzip.obj
 0001:0000cde0       unzReadCurrentFile         000000018000dde0 f   unzip.obj
 0001:0000d0a0       unztell                    000000018000e0a0 f   unzip.obj
 0001:0000d0c0       unztell64                  000000018000e0c0 f   unzip.obj
 0001:0000d0e0       unzeof                     000000018000e0e0 f   unzip.obj
 0001:0000d110       unzGetLocalExtrafield      000000018000e110 f   unzip.obj
 0001:0000d200       unzCloseCurrentFile        000000018000e200 f   unzip.obj
 0001:0000d2c0       unzGetGlobalComment        000000018000e2c0 f   unzip.obj
 0001:0000dd10       LoadCentralDirectoryRecord 000000018000ed10 f   zip.obj
 0001:0000e0b0       zipOpen3                   000000018000f0b0 f   zip.obj
 0001:0000e300       zipOpen2                   000000018000f300 f   zip.obj
 0001:0000e350       zipOpen2_64                000000018000f350 f   zip.obj
 0001:0000e3b0       zipOpen                    000000018000f3b0 f   zip.obj
 0001:0000e3b0       zipOpen64                  000000018000f3b0 f   zip.obj
 0001:0000e3c0       Write_LocalFileHeader      000000018000f3c0 f   zip.obj
 0001:0000e620       zipOpenNewFileInZip4_64    000000018000f620 f   zip.obj
 0001:0000eba0       zipOpenNewFileInZip3       000000018000fba0 f   zip.obj
 0001:0000ec50       zipOpenNewFileInZip3_64    000000018000fc50 f   zip.obj
 0001:0000ed10       zipOpenNewFileInZip2       000000018000fd10 f   zip.obj
 0001:0000eda0       zipOpenNewFileInZip2_64    000000018000fda0 f   zip.obj
 0001:0000ee40       zipOpenNewFileInZip64      000000018000fe40 f   zip.obj
 0001:0000eed0       zipOpenNewFileInZip        000000018000fed0 f   zip.obj
 0001:0000f040       zipWriteInFileInZip        0000000180010040 f   zip.obj
 0001:0000f1b0       zipCloseFileInZipRaw       00000001800101b0 f   zip.obj
 0001:0000f1c0       zipCloseFileInZipRaw64     00000001800101c0 f   zip.obj
 0001:0000f600       zipCloseFileInZip          0000000180010600 f   zip.obj
 0001:0000f610       Write_Zip64EndOfCentralDirectoryLocator 0000000180010610 f   zip.obj
 0001:0000f690       Write_Zip64EndOfCentralDirectoryRecord 0000000180010690 f   zip.obj
 0001:0000f7c0       Write_EndOfCentralDirectoryRecord 00000001800107c0 f   zip.obj
 0001:0000f8e0       Write_GlobalComment        00000001800108e0 f   zip.obj
 0001:0000f970       zipClose                   0000000180010970 f   zip.obj
 0001:0000fad0       zlibVersion                0000000180010ad0 f   zutil.obj
 0001:0000fae0       zlibCompileFlags           0000000180010ae0 f   zutil.obj
 0001:0000faf0       zError                     0000000180010af0 f   zutil.obj
 0001:0000fb10       zcalloc                    0000000180010b10 f   zutil.obj
 0001:0000fb20       zcfree                     0000000180010b20 f   zutil.obj
 0001:0000fbc0       NtCurrentTeb               0000000180010bc0 f i MSVCRTD:crtdll.obj
 0001:0000fbd0       _CRT_INIT                  0000000180010bd0 f   MSVCRTD:crtdll.obj
 0001:0000ff80       _DllMainCRTStartup         0000000180010f80 f   MSVCRTD:crtdll.obj
 0001:00010132       __CppXcptFilter            0000000180011132 f   MSVCRTD:MSVCR110D.dll
 0001:00010138       _amsg_exit                 0000000180011138 f   MSVCRTD:MSVCR110D.dll
 0001:00010140       _FindPESection             0000000180011140 f   MSVCRTD:pesect.obj
 0001:000101f0       _IsNonwritableInCurrentImage 00000001800111f0 f   MSVCRTD:pesect.obj
 0001:00010280       _ValidateImageBase         0000000180011280 f   MSVCRTD:pesect.obj
 0001:00010300       __atonexitinit             0000000180011300 f   MSVCRTD:atonexit.obj
 0001:000103f0       _onexit                    00000001800113f0 f   MSVCRTD:atonexit.obj
 0001:000104b0       atexit                     00000001800114b0 f   MSVCRTD:atonexit.obj
 0001:000104f0       __security_init_cookie     00000001800114f0 f   MSVCRTD:gs_support.obj
 0001:00010620       DllMain                    0000000180011620 f   MSVCRTD:dllmain.obj
 0001:00010660       _RTC_Initialize            0000000180011660 f   MSVCRTD:initsect.obj
 0001:000106a0       _RTC_Terminate             00000001800116a0 f   MSVCRTD:initsect.obj
 0001:000106de       _initterm                  00000001800116de f   MSVCRTD:MSVCR110D.dll
 0001:000106e4       _initterm_e                00000001800116e4 f   MSVCRTD:MSVCR110D.dll
 0001:000106f0       __clean_type_info_names    00000001800116f0 f   MSVCRTD:tncleanup.obj
 0001:00010706       __C_specific_handler       0000000180011706 f   MSVCRTD:MSVCR110D.dll
 0001:0001070c       _lock                      000000018001170c f   MSVCRTD:MSVCR110D.dll
 0001:00010712       _unlock                    0000000180011712 f   MSVCRTD:MSVCR110D.dll
 0001:00010718       __dllonexit                0000000180011718 f   MSVCRTD:MSVCR110D.dll
 0001:0001071e       __clean_type_info_names_internal 000000018001171e f   MSVCRTD:MSVCR110D.dll
 0001:00010740       _alloca_probe              0000000180011740     MSVCRTD:chkstk.obj
 0001:00010740       __chkstk                   0000000180011740 f   MSVCRTD:chkstk.obj
 0001:0001078e       memcpy                     000000018001178e f   MSVCRTD:MSVCR110D.dll
 0001:00010794       memset                     0000000180011794 f   MSVCRTD:MSVCR110D.dll
 0002:00000000       __imp_CreateFileA          0000000180012000     kernel32:KERNEL32.dll
 0002:00000008       __imp_SetFilePointer       0000000180012008     kernel32:KERNEL32.dll
 0002:00000010       __imp_WriteFile            0000000180012010     kernel32:KERNEL32.dll
 0002:00000018       __imp_ReadFile             0000000180012018     kernel32:KERNEL32.dll
 0002:00000020       __imp_CreateFileW          0000000180012020     kernel32:KERNEL32.dll
 0002:00000028       __imp_GetLastError         0000000180012028     kernel32:KERNEL32.dll
 0002:00000030       __imp_CloseHandle          0000000180012030     kernel32:KERNEL32.dll
 0002:00000038       __imp_GetTickCount64       0000000180012038     kernel32:KERNEL32.dll
 0002:00000040       __imp_GetSystemTimeAsFileTime 0000000180012040     kernel32:KERNEL32.dll
 0002:00000048       __imp_GetCurrentThreadId   0000000180012048     kernel32:KERNEL32.dll
 0002:00000050       __imp_QueryPerformanceCounter 0000000180012050     kernel32:KERNEL32.dll
 0002:00000058       __imp_DecodePointer        0000000180012058     kernel32:KERNEL32.dll
 0002:00000060       __imp_EncodePointer        0000000180012060     kernel32:KERNEL32.dll
 0002:00000068       __imp_DisableThreadLibraryCalls 0000000180012068     kernel32:KERNEL32.dll
 0002:00000070       \177KERNEL32_NULL_THUNK_DATA 0000000180012070     kernel32:KERNEL32.dll
 0002:00000078       __imp__ftelli64            0000000180012078     MSVCRTD:MSVCR110D.dll
 0002:00000080       __imp__fseeki64            0000000180012080     MSVCRTD:MSVCR110D.dll
 0002:00000088       __imp_fopen                0000000180012088     MSVCRTD:MSVCR110D.dll
 0002:00000090       __imp_fread                0000000180012090     MSVCRTD:MSVCR110D.dll
 0002:00000098       __imp_ferror               0000000180012098     MSVCRTD:MSVCR110D.dll
 0002:000000a0       __imp_fwrite               00000001800120a0     MSVCRTD:MSVCR110D.dll
 0002:000000a8       __imp_fclose               00000001800120a8     MSVCRTD:MSVCR110D.dll
 0002:000000b0       __imp_rand                 00000001800120b0     MSVCRTD:MSVCR110D.dll
 0002:000000b8       __imp__vsnprintf           00000001800120b8     MSVCRTD:MSVCR110D.dll
 0002:000000c0       __imp__time64              00000001800120c0     MSVCRTD:MSVCR110D.dll
 0002:000000c8       __imp___CppXcptFilter      00000001800120c8     MSVCRTD:MSVCR110D.dll
 0002:000000d0       __imp__amsg_exit           00000001800120d0     MSVCRTD:MSVCR110D.dll
 0002:000000d8       __imp__malloc_dbg          00000001800120d8     MSVCRTD:MSVCR110D.dll
 0002:000000e0       __imp__free_dbg            00000001800120e0     MSVCRTD:MSVCR110D.dll
 0002:000000e8       __imp__CrtSetCheckCount    00000001800120e8     MSVCRTD:MSVCR110D.dll
 0002:000000f0       __imp__initterm            00000001800120f0     MSVCRTD:MSVCR110D.dll
 0002:000000f8       __imp__initterm_e          00000001800120f8     MSVCRTD:MSVCR110D.dll
 0002:00000100       __imp___C_specific_handler 0000000180012100     MSVCRTD:MSVCR110D.dll
 0002:00000108       __imp__lock                0000000180012108     MSVCRTD:MSVCR110D.dll
 0002:00000110       __imp__unlock              0000000180012110     MSVCRTD:MSVCR110D.dll
 0002:00000118       __imp__CrtDbgReportW       0000000180012118     MSVCRTD:MSVCR110D.dll
 0002:00000120       __imp__calloc_dbg          0000000180012120     MSVCRTD:MSVCR110D.dll
 0002:00000128       __imp___dllonexit          0000000180012128     MSVCRTD:MSVCR110D.dll
 0002:00000130       __imp__onexit              0000000180012130     MSVCRTD:MSVCR110D.dll
 0002:00000138       __imp___clean_type_info_names_internal 0000000180012138     MSVCRTD:MSVCR110D.dll
 0002:00000140       __imp__errno               0000000180012140     MSVCRTD:MSVCR110D.dll
 0002:00000148       __imp_memchr               0000000180012148     MSVCRTD:MSVCR110D.dll
 0002:00000150       __imp_strerror             0000000180012150     MSVCRTD:MSVCR110D.dll
 0002:00000158       __imp_malloc               0000000180012158     MSVCRTD:MSVCR110D.dll
 0002:00000160       __imp_free                 0000000180012160     MSVCRTD:MSVCR110D.dll
 0002:00000168       __imp_sprintf              0000000180012168     MSVCRTD:MSVCR110D.dll
 0002:00000170       __imp_srand                0000000180012170     MSVCRTD:MSVCR110D.dll
 0002:00000178       __imp__open                0000000180012178     MSVCRTD:MSVCR110D.dll
 0002:00000178       __imp_open                 0000000180012178     MSVCRTD:MSVCR110D.dll
 0002:00000180       __imp_lseek                0000000180012180     MSVCRTD:MSVCR110D.dll
 0002:00000180       __imp__lseek               0000000180012180     MSVCRTD:MSVCR110D.dll
 0002:00000188       __imp_read                 0000000180012188     MSVCRTD:MSVCR110D.dll
 0002:00000188       __imp__read                0000000180012188     MSVCRTD:MSVCR110D.dll
 0002:00000190       __imp__close               0000000180012190     MSVCRTD:MSVCR110D.dll
 0002:00000190       __imp_close                0000000180012190     MSVCRTD:MSVCR110D.dll
 0002:00000198       __imp__write               0000000180012198     MSVCRTD:MSVCR110D.dll
 0002:00000198       __imp_write                0000000180012198     MSVCRTD:MSVCR110D.dll
 0002:000001a0       __imp_memcpy               00000001800121a0     MSVCRTD:MSVCR110D.dll
 0002:000001a8       __imp_memset               00000001800121a8     MSVCRTD:MSVCR110D.dll
 0002:000001b0       \177MSVCR110D_NULL_THUNK_DATA 00000001800121b0     MSVCRTD:MSVCR110D.dll
 0002:000001b8       __xc_a                     00000001800121b8     MSVCRTD:cinitexe.obj
 0002:000001c0       __xc_z                     00000001800121c0     MSVCRTD:cinitexe.obj
 0002:000001c8       __xi_a                     00000001800121c8     MSVCRTD:cinitexe.obj
 0002:000001e0       __xi_z                     00000001800121e0     MSVCRTD:cinitexe.obj
 0002:000001f0       _pDefaultRawDllMain        00000001800121f0     MSVCRTD:crtdll.obj
 0002:000001f0       _pRawDllMain               00000001800121f0     MSVCRTD:crtdll.obj
 0002:000001f8       ??_C@_0DF@EBFKANAI@f?3?2dd?2vctools?2crt_bld?2self_64_am@ 00000001800121f8     MSVCRTD:crtdll.obj
 0002:00000230       ??_C@_1LK@BJHNKBFO@?$AA?$CI?$AA_?$AA_?$AAo?$AAn?$AAe?$AAx?$AAi?$AAt?$AAe?$AAn?$AAd?$AA?5?$AA?$CB?$AA?$DN?$AA?5?$AAN?$AAU?$AAL?$AAL?$AA?5?$AA?$CG?$AA?$CG?$AA?5?$AA_?$AA_?$AAo?$AAn?$AAe?$AAx?$AAi?$AAt@ 0000000180012230     MSVCRTD:atonexit.obj
 0002:000002ec       ??_C@_15GANGMFKL@?$AA?$CF?$AAs?$AA?$AA@ 00000001800122ec     MSVCRTD:atonexit.obj
 0002:00000300       ??_C@_1GO@DJIEENHG@?$AAf?$AA?3?$AA?2?$AAd?$AAd?$AA?2?$AAv?$AAc?$AAt?$AAo?$AAo?$AAl?$AAs?$AA?2?$AAc?$AAr?$AAt?$AA_?$AAb?$AAl?$AAd?$AA?2?$AAs?$AAe?$AAl?$AAf?$AA_?$AA6?$AA4?$AA_?$AAa?$AAm@ 0000000180012300     MSVCRTD:atonexit.obj
 0002:00000370       ??_C@_0DH@KIOADKC@f?3?2dd?2vctools?2crt_bld?2self_64_am@ 0000000180012370     MSVCRTD:atonexit.obj
 0002:000003a8       ??_C@_05DFCKICEH@1?42?45?$AA@ 00000001800123a8     compress.obj
 0002:00002460       deflate_copyright          0000000180014460     deflate.obj
 0002:000036d0       inflate_copyright          00000001800156d0     inftrees.obj
 0002:00003740       _dist_code                 0000000180015740     trees.obj
 0002:00003940       _length_code               0000000180015940     trees.obj
 0002:000041a0       unz_copyright              00000001800161a0     unzip.obj
 0002:00004200       zip_copyright              0000000180016200     zip.obj
 0002:00004250       z_errmsg                   0000000180016250     zutil.obj
 0002:000042a0       ??_C@_07EBNKNFJN@?$DMfd?3?$CFd?$DO?$AA@ 00000001800162a0     gzlib.obj
 0002:000042a8       ??_C@_00CNPNBAHC@?$AA@     00000001800162a8     gzlib.obj
 0002:000042b0       ??_C@_0O@BNNCBLEN@out?5of?5memory?$AA@ 00000001800162b0     gzlib.obj
 0002:000042c0       ??_C@_02LMMGGCAJ@?3?5?$AA@ 00000001800162c0     gzlib.obj
 0002:000042c8       ??_C@_0BL@IHKGDAEE@unknown?5compression?5method?$AA@ 00000001800162c8     gzread.obj
 0002:000042e8       ??_C@_0BJ@BLBBCOMO@unknown?5header?5flags?5set?$AA@ 00000001800162e8     gzread.obj
 0002:00004308       ??_C@_0BH@CFIIDOJD@unexpected?5end?5of?5file?$AA@ 0000000180016308     gzread.obj
 0002:00004320       ??_C@_0CH@CPOLIEKA@internal?5error?3?5inflate?5stream?5c@ 0000000180016320     gzread.obj
 0002:00004348       ??_C@_0BG@HCKBMIHF@compressed?5data?5error?$AA@ 0000000180016348     gzread.obj
 0002:00004360       ??_C@_0BF@MEIGEHBE@incorrect?5data?5check?$AA@ 0000000180016360     gzread.obj
 0002:00004378       ??_C@_0BH@FGKKJGOC@incorrect?5length?5check?$AA@ 0000000180016378     gzread.obj
 0002:00004390       ??_C@_0CF@MLPJFDMM@requested?5length?5does?5not?5fit?5in@ 0000000180016390     gzread.obj
 0002:000043b8       ??_C@_0BP@IIKIGMCC@out?5of?5room?5to?5push?5characters?$AA@ 00000001800163b8     gzread.obj
 0002:000043d8       ??_C@_0CH@DEEGAHIB@internal?5error?3?5deflate?5stream?5c@ 00000001800163d8     gzwrite.obj
 0002:00004400       ??_C@_0BD@PJCBIDD@invalid?5block?5type?$AA@ 0000000180016400     infback.obj
 0002:00004418       ??_C@_0BN@LGAADGOK@invalid?5stored?5block?5lengths?$AA@ 0000000180016418     infback.obj
 0002:00004438       ??_C@_0CE@GMIGFPBB@too?5many?5length?5or?5distance?5symb@ 0000000180016438     infback.obj
 0002:00004460       ??_C@_0BJ@HDEPPGOH@invalid?5code?5lengths?5set?$AA@ 0000000180016460     infback.obj
 0002:00004480       ??_C@_0BK@BMMPFBBH@invalid?5bit?5length?5repeat?$AA@ 0000000180016480     infback.obj
 0002:000044a0       ??_C@_0CF@DGDMADCD@invalid?5code?5?9?9?5missing?5end?9of?9b@ 00000001800164a0     infback.obj
 0002:000044c8       ??_C@_0BM@IIMGAINC@invalid?5literal?1lengths?5set?$AA@ 00000001800164c8     infback.obj
 0002:000044e8       ??_C@_0BG@GMDFCBGP@invalid?5distances?5set?$AA@ 00000001800164e8     infback.obj
 0002:00004500       ??_C@_0BM@FFFLPBBC@invalid?5literal?1length?5code?$AA@ 0000000180016500     infback.obj
 0002:00004520       ??_C@_0BG@LBKINIKP@invalid?5distance?5code?$AA@ 0000000180016520     infback.obj
 0002:00004538       ??_C@_0BO@ECPMAOGG@invalid?5distance?5too?5far?5back?$AA@ 0000000180016538     infback.obj
 0002:00004558       ??_C@_0BH@LIBMMIGA@incorrect?5header?5check?$AA@ 0000000180016558     inflate.obj
 0002:00004570       ??_C@_0BE@EMOGCLGO@invalid?5window?5size?$AA@ 0000000180016570     inflate.obj
 0002:00004588       ??_C@_0BE@GONKLEPM@header?5crc?5mismatch?$AA@ 0000000180016588     inflate.obj
 0002:0000459c       ??_C@_02JDPG@rb?$AA@       000000018001659c     ioapi.obj
 0002:000045a0       ??_C@_03HMFOOINA@r?$CLb?$AA@ 00000001800165a0     ioapi.obj
 0002:000045a4       ??_C@_02GMLFBBN@wb?$AA@    00000001800165a4     ioapi.obj
 0002:000045a8       ??_C@_01JOAMLHOP@?9?$AA@   00000001800165a8     zip.obj
 0002:000045b0       ??_C@_0BA@MOKMMFOD@need?5dictionary?$AA@ 00000001800165b0     zutil.obj
 0002:000045c0       ??_C@_0L@FNAOCBOG@stream?5end?$AA@ 00000001800165c0     zutil.obj
 0002:000045d0       ??_C@_0L@KIJFAKBJ@file?5error?$AA@ 00000001800165d0     zutil.obj
 0002:000045e0       ??_C@_0N@MKKNPMJD@stream?5error?$AA@ 00000001800165e0     zutil.obj
 0002:000045f0       ??_C@_0L@HAHMBNLP@data?5error?$AA@ 00000001800165f0     zutil.obj
 0002:00004600       ??_C@_0BE@OGGJBMCE@insufficient?5memory?$AA@ 0000000180016600     zutil.obj
 0002:00004618       ??_C@_0N@DFPGLBGC@buffer?5error?$AA@ 0000000180016618     zutil.obj
 0002:00004628       ??_C@_0BF@CJFPCCEG@incompatible?5version?$AA@ 0000000180016628     zutil.obj
 0002:00004640       _load_config_used          0000000180016640     MSVCRTD:loadcfg.obj
 0002:000046b0       __rtc_iaa                  00000001800166b0     MSVCRTD:initsect.obj
 0002:000046b8       __rtc_izz                  00000001800166b8     MSVCRTD:initsect.obj
 0002:000046c0       __rtc_taa                  00000001800166c0     MSVCRTD:initsect.obj
 0002:000046c8       __rtc_tzz                  00000001800166c8     MSVCRTD:initsect.obj
 0002:000057f0       __IMPORT_DESCRIPTOR_KERNEL32 00000001800177f0     kernel32:KERNEL32.dll
 0002:00005804       __IMPORT_DESCRIPTOR_MSVCR110D 0000000180017804     MSVCRTD:MSVCR110D.dll
 0002:00005818       __NULL_IMPORT_DESCRIPTOR   0000000180017818     kernel32:KERNEL32.dll
 0003:00000000       __native_dllmain_reason    0000000180019000     MSVCRTD:natstart.obj
 0003:00000008       __security_cookie          0000000180019008     MSVCRTD:gs_cookie.obj
 0003:00000010       __security_cookie_complement 0000000180019010     MSVCRTD:gs_cookie.obj
 0003:00000088       ?__type_info_root_node@@3U__type_info_node@@A 0000000180019088     MSVCRTD:tncleanup.obj
 0003:000000a0       __native_startup_lock      00000001800190a0     <common>
 0003:000000a8       __native_startup_state     00000001800190a8     <common>
 0003:000000b0       __onexitend                00000001800190b0     <common>
 0003:000000b8       __onexitbegin              00000001800190b8     <common>
 0003:000000c0       __dyn_tls_init_callback    00000001800190c0     <common>

 entry point at        0001:0000ff80

 Static symbols

 0001:000002e0       adler32_combine_           00000001800012e0 f   * CIL library *:* CIL module *
 0001:000004b0       crc32_little               00000001800014b0 f   * CIL library *:* CIL module *
 0001:000007b0       gf2_matrix_times           00000001800017b0 f   * CIL library *:* CIL module *
 0001:000007d0       gf2_matrix_square          00000001800017d0 f   * CIL library *:* CIL module *
 0001:00000810       crc32_combine_             0000000180001810 f   * CIL library *:* CIL module *
 0001:000010c0       putShortMSB                00000001800020c0 f   * CIL library *:* CIL module *
 0001:000010f0       flush_pending              00000001800020f0 f   * CIL library *:* CIL module *
 0001:00001d80       read_buf                   0000000180002d80 f   * CIL library *:* CIL module *
 0001:00001e20       lm_init                    0000000180002e20 f   * CIL library *:* CIL module *
 0001:00001ed0       longest_match              0000000180002ed0 f   * CIL library *:* CIL module *
 0001:00002080       fill_window                0000000180003080 f   * CIL library *:* CIL module *
 0001:00002240       deflate_stored             0000000180003240 f   * CIL library *:* CIL module *
 0001:000023f0       deflate_fast               00000001800033f0 f   * CIL library *:* CIL module *
 0001:000027a0       deflate_slow               00000001800037a0 f   * CIL library *:* CIL module *
 0001:00002c70       deflate_rle                0000000180003c70 f   * CIL library *:* CIL module *
 0001:00002f70       deflate_huff               0000000180003f70 f   * CIL library *:* CIL module *
 0001:00003110       gz_reset                   0000000180004110 f   * CIL library *:* CIL module *
 0001:00003160       gz_open                    0000000180004160 f   * CIL library *:* CIL module *
 0001:00003354       $LN40                      0000000180004354     * CIL library *:* CIL module *
 0001:00003378       $LN39                      0000000180004378     * CIL library *:* CIL module *
 0001:000038c0       gz_load                    00000001800048c0 f   * CIL library *:* CIL module *
 0001:00003960       gz_avail                   0000000180004960 f   * CIL library *:* CIL module *
 0001:000039b0       gz_next4                   00000001800049b0 f   * CIL library *:* CIL module *
 0001:00003ad0       gz_head                    0000000180004ad0 f   * CIL library *:* CIL module *
 0001:00003fc0       gz_decomp                  0000000180004fc0 f   * CIL library *:* CIL module *
 0001:00004130       gz_make                    0000000180005130 f   * CIL library *:* CIL module *
 0001:000041c0       gz_skip                    00000001800051c0 f   * CIL library *:* CIL module *
 0001:00004740       gz_init                    0000000180005740 f   * CIL library *:* CIL module *
 0001:00004850       gz_comp                    0000000180005850 f   * CIL library *:* CIL module *
 0001:00004970       gz_zero                    0000000180005970 f   * CIL library *:* CIL module *
 0001:00005030       fixedtables                0000000180006030 f   * CIL library *:* CIL module *
 0001:00005ff8       $LN453                     0000000180006ff8     * CIL library *:* CIL module *
 0001:00006810       fixedtables                0000000180007810 f   * CIL library *:* CIL module *
 0001:00006840       updatewindow               0000000180007840 f   * CIL library *:* CIL module *
 0001:00007fb0       $LN746                     0000000180008fb0     * CIL library *:* CIL module *
 0001:000081b0       syncsearch                 00000001800091b0 f   * CIL library *:* CIL module *
 0001:00008be0       fopen64_file_func          0000000180009be0 f   * CIL library *:* CIL module *
 0001:00008c30       fread_file_func            0000000180009c30 f   * CIL library *:* CIL module *
 0001:00008c50       fwrite_file_func           0000000180009c50 f   * CIL library *:* CIL module *
 0001:00008c70       ftell64_file_func          0000000180009c70 f   * CIL library *:* CIL module *
 0001:00008c80       fseek64_file_func          0000000180009c80 f   * CIL library *:* CIL module *
 0001:00008ce0       fclose_file_func           0000000180009ce0 f   * CIL library *:* CIL module *
 0001:00008cf0       ferror_file_func           0000000180009cf0 f   * CIL library *:* CIL module *
 0001:00008d60       win32_translate_open_mode  0000000180009d60 f   * CIL library *:* CIL module *
 0001:00008dc0       win32_build_iowin          0000000180009dc0 f   * CIL library *:* CIL module *
 0001:000093c0       init_block                 000000018000a3c0 f   * CIL library *:* CIL module *
 0001:00009440       pqdownheap                 000000018000a440 f   * CIL library *:* CIL module *
 0001:00009530       gen_bitlen                 000000018000a530 f   * CIL library *:* CIL module *
 0001:00009750       gen_codes                  000000018000a750 f   * CIL library *:* CIL module *
 0001:000097d0       build_tree                 000000018000a7d0 f   * CIL library *:* CIL module *
 0001:00009a20       scan_tree                  000000018000aa20 f   * CIL library *:* CIL module *
 0001:00009b10       send_tree                  000000018000ab10 f   * CIL library *:* CIL module *
 0001:0000a080       build_bl_tree              000000018000b080 f   * CIL library *:* CIL module *
 0001:0000a150       send_all_trees             000000018000b150 f   * CIL library *:* CIL module *
 0001:0000a8a0       compress_block             000000018000b8a0 f   * CIL library *:* CIL module *
 0001:0000ace0       detect_data_type           000000018000bce0 f   * CIL library *:* CIL module *
 0001:0000ad60       bi_reverse                 000000018000bd60 f   * CIL library *:* CIL module *
 0001:0000ad80       bi_flush                   000000018000bd80 f   * CIL library *:* CIL module *
 0001:0000ae10       bi_windup                  000000018000be10 f   * CIL library *:* CIL module *
 0001:0000ae70       copy_block                 000000018000be70 f   * CIL library *:* CIL module *
 0001:0000aff0       zip64local_getByte         000000018000bff0 f   * CIL library *:* CIL module *
 0001:0000aff0       unz64local_getByte         000000018000bff0 f   * CIL library *:* CIL module *
 0001:0000b060       unz64local_getShort        000000018000c060 f   * CIL library *:* CIL module *
 0001:0000b0e0       unz64local_getLong         000000018000c0e0 f   * CIL library *:* CIL module *
 0001:0000b1b0       unz64local_getLong64       000000018000c1b0 f   * CIL library *:* CIL module *
 0001:0000b330       strcmpcasenosensitive_internal 000000018000c330 f   * CIL library *:* CIL module *
 0001:0000b3c0       zip64local_SearchCentralDir 000000018000c3c0 f   * CIL library *:* CIL module *
 0001:0000b3c0       unz64local_SearchCentralDir 000000018000c3c0 f   * CIL library *:* CIL module *
 0001:0000b540       unz64local_SearchCentralDir64 000000018000c540 f   * CIL library *:* CIL module *
 0001:0000b760       unzOpenInternal            000000018000c760 f   * CIL library *:* CIL module *
 0001:0000bd50       unz64local_DosDateToTmuDate 000000018000cd50 f   * CIL library *:* CIL module *
 0001:0000bdb0       unz64local_GetCurrentFileInfoInternal 000000018000cdb0 f   * CIL library *:* CIL module *
 0001:0000c880       unz64local_CheckCurrentFileCoherencyHeader 000000018000d880 f   * CIL library *:* CIL module *
 0001:0000d370       decrypt_byte               000000018000e370 f   * CIL library *:* CIL module *
 0001:0000d390       update_keys                000000018000e390 f   * CIL library *:* CIL module *
 0001:0000d3f0       init_keys                  000000018000e3f0 f   * CIL library *:* CIL module *
 0001:0000d460       crypthead                  000000018000e460 f   * CIL library *:* CIL module *
 0001:0000d5b0       allocate_new_datablock     000000018000e5b0 f   * CIL library *:* CIL module *
 0001:0000d5e0       free_datablock             000000018000e5e0 f   * CIL library *:* CIL module *
 0001:0000d610       init_linkedlist            000000018000e610 f   * CIL library *:* CIL module *
 0001:0000d620       free_linkedlist            000000018000e620 f   * CIL library *:* CIL module *
 0001:0000d640       add_data_in_datablock      000000018000e640 f   * CIL library *:* CIL module *
 0001:0000d710       zip64local_putValue        000000018000e710 f   * CIL library *:* CIL module *
 0001:0000d780       zip64local_putValue_inmemory 000000018000e780 f   * CIL library *:* CIL module *
 0001:0000d7d0       zip64local_TmzDateToDosDate 000000018000e7d0 f   * CIL library *:* CIL module *
 0001:0000d820       zip64local_getShort        000000018000e820 f   * CIL library *:* CIL module *
 0001:0000d8a0       zip64local_getLong         000000018000e8a0 f   * CIL library *:* CIL module *
 0001:0000d970       zip64local_getLong64       000000018000e970 f   * CIL library *:* CIL module *
 0001:0000daf0       zip64local_SearchCentralDir64 000000018000eaf0 f   * CIL library *:* CIL module *
 0001:0000ef60       zip64FlushWriteBuffer      000000018000ff60 f   * CIL library *:* CIL module *
 0001:0000fb30       pre_c_init                 0000000180010b30 f   MSVCRTD:crtdll.obj
 0001:0000ffc0       __DllMainCRTStartup        0000000180010fc0 f   MSVCRTD:crtdll.obj
 0001:00010730       $$000000                   0000000180011730     MSVCRTD:chkstk.obj
 0001:000107a0       __DllMainCRTStartup$filt$0 00000001800117a0 f   MSVCRTD:crtdll.obj
 0001:000107d0       __DllMainCRTStartup$fin$1  00000001800117d0 f   MSVCRTD:crtdll.obj
 0001:000107f0       _IsNonwritableInCurrentImage$filt$0 00000001800117f0 f   MSVCRTD:pesect.obj
 0001:00010830       _onexit$fin$0              0000000180011830 f   MSVCRTD:atonexit.obj
 0002:000001d0       pcinit                     00000001800121d0     MSVCRTD:crtdll.obj
 0002:000001d8       pinit                      00000001800121d8     MSVCRTD:atonexit.obj
 0002:000003b0       crc_table                  00000001800123b0     * CIL library *:* CIL module *
 0002:000023b0       configuration_table        00000001800143b0     * CIL library *:* CIL module *
 0002:00002450       ?my_version@?1??deflateInit2_@@9@9 0000000180014450     * CIL library *:* CIL module *
 0002:000024b0       ?lenfix@?1??fixedtables@@9@9 00000001800144b0     * CIL library *:* CIL module *
 0002:00002cb0       ?order@?1??inflateBack@@9@9 0000000180014cb0     * CIL library *:* CIL module *
 0002:00002ce0       ?distfix@?1??fixedtables@@9@9 0000000180014ce0     * CIL library *:* CIL module *
 0002:00002d60       ?lenfix@?1??fixedtables@@9@9 0000000180014d60     * CIL library *:* CIL module *
 0002:00003560       ?order@?1??inflate@@9@9    0000000180015560     * CIL library *:* CIL module *
 0002:00003590       ?distfix@?1??fixedtables@@9@9 0000000180015590     * CIL library *:* CIL module *
 0002:00003610       ?lext@?1??inflate_table@@9@9 0000000180015610     * CIL library *:* CIL module *
 0002:00003650       ?dbase@?1??inflate_table@@9@9 0000000180015650     * CIL library *:* CIL module *
 0002:00003690       ?lbase@?1??inflate_table@@9@9 0000000180015690     * CIL library *:* CIL module *
 0002:00003700       ?dext@?1??inflate_table@@9@9 0000000180015700     * CIL library *:* CIL module *
 0002:00003a40       static_dtree               0000000180015a40     * CIL library *:* CIL module *
 0002:00003ac0       static_ltree               0000000180015ac0     * CIL library *:* CIL module *
 0002:00003f40       extra_dbits                0000000180015f40     * CIL library *:* CIL module *
 0002:00003fc0       base_length                0000000180015fc0     * CIL library *:* CIL module *
 0002:00004040       extra_blbits               0000000180016040     * CIL library *:* CIL module *
 0002:00004090       extra_lbits                0000000180016090     * CIL library *:* CIL module *
 0002:00004108       bl_order                   0000000180016108     * CIL library *:* CIL module *
 0002:00004120       base_dist                  0000000180016120     * CIL library *:* CIL module *
 0002:000046d0       $unwind$_CRT_INIT          00000001800166d0     MSVCRTD:crtdll.obj
 0002:000046d8       $unwind$__DllMainCRTStartup 00000001800166d8     MSVCRTD:crtdll.obj
 0002:00004708       $unwind$_onexit$fin$0      0000000180016708     MSVCRTD:crtdll.obj
 0002:00004708       $unwind$_IsNonwritableInCurrentImage$filt$0 0000000180016708     MSVCRTD:crtdll.obj
 0002:00004708       $unwind$__DllMainCRTStartup$filt$0 0000000180016708     MSVCRTD:crtdll.obj
 0002:00004708       $unwind$__DllMainCRTStartup$fin$1 0000000180016708     MSVCRTD:crtdll.obj
 0002:00004710       $unwind$DllMain            0000000180016710     MSVCRTD:crtdll.obj
 0002:00004710       $unwind$_DllMainCRTStartup 0000000180016710     MSVCRTD:crtdll.obj
 0002:00004718       $unwind$_ValidateImageBase 0000000180016718     MSVCRTD:pesect.obj
 0002:00004720       $unwind$_FindPESection     0000000180016720     MSVCRTD:pesect.obj
 0002:00004728       $unwind$_IsNonwritableInCurrentImage 0000000180016728     MSVCRTD:pesect.obj
 0002:00004748       $unwind$atexit             0000000180016748     MSVCRTD:atonexit.obj
 0002:00004750       $unwind$_onexit            0000000180016750     MSVCRTD:atonexit.obj
 0002:00004770       $unwind$deflateInit_       0000000180016770     MSVCRTD:gs_support.obj
 0002:00004770       $unwind$__security_init_cookie 0000000180016770     MSVCRTD:gs_support.obj
 0002:00004770       $unwind$__atonexitinit     0000000180016770     MSVCRTD:gs_support.obj
 0002:00004778       $unwind$_RTC_Terminate     0000000180016778     MSVCRTD:initsect.obj
 0002:00004778       $unwind$Write_Zip64EndOfCentralDirectoryLocator 0000000180016778     MSVCRTD:initsect.obj
 0002:00004778       $unwind$gzflush            0000000180016778     MSVCRTD:initsect.obj
 0002:00004778       $unwind$gz_skip            0000000180016778     MSVCRTD:initsect.obj
 0002:00004778       $unwind$win32_seek_file_func 0000000180016778     MSVCRTD:initsect.obj
 0002:00004778       $unwind$gzungetc           0000000180016778     MSVCRTD:initsect.obj
 0002:00004778       $unwind$win32_close_file_func 0000000180016778     MSVCRTD:initsect.obj
 0002:00004778       $unwind$gz_reset           0000000180016778     MSVCRTD:initsect.obj
 0002:00004778       $unwind$lm_init            0000000180016778     MSVCRTD:initsect.obj
 0002:00004778       $unwind$_tr_align          0000000180016778     MSVCRTD:initsect.obj
 0002:00004778       $unwind$gzclose_w          0000000180016778     MSVCRTD:initsect.obj
 0002:00004778       $unwind$_RTC_Initialize    0000000180016778     MSVCRTD:initsect.obj
 0002:00004784       $unwind$compress2          0000000180016784     * CIL library *:* CIL module *
 0002:0000478c       $chain$0$compress2         000000018001678c     * CIL library *:* CIL module *
 0002:000047a0       $chain$2$compress2         00000001800167a0     * CIL library *:* CIL module *
 0002:000047b4       $chain$3$compress2         00000001800167b4     * CIL library *:* CIL module *
 0002:000047c4       $unwind$crc32_combine_     00000001800167c4     * CIL library *:* CIL module *
 0002:000047d8       $unwind$crc32_little       00000001800167d8     * CIL library *:* CIL module *
 0002:000047e0       $chain$0$crc32_little      00000001800167e0     * CIL library *:* CIL module *
 0002:000047f4       $chain$1$crc32_little      00000001800167f4     * CIL library *:* CIL module *
 0002:00004804       $unwind$Write_GlobalComment 0000000180016804     * CIL library *:* CIL module *
 0002:00004804       $unwind$deflateSetDictionary 0000000180016804     * CIL library *:* CIL module *
 0002:00004804       $unwind$deflate_rle        0000000180016804     * CIL library *:* CIL module *
 0002:0000481c       $unwind$deflate_slow       000000018001681c     * CIL library *:* CIL module *
 0002:00004838       $unwind$deflate_fast       0000000180016838     * CIL library *:* CIL module *
 0002:00004850       $unwind$unz64local_getShort 0000000180016850     * CIL library *:* CIL module *
 0002:00004850       $unwind$gz_load            0000000180016850     * CIL library *:* CIL module *
 0002:00004850       $unwind$_tr_flush_block    0000000180016850     * CIL library *:* CIL module *
 0002:00004850       $unwind$deflate_stored     0000000180016850     * CIL library *:* CIL module *
 0002:00004850       $unwind$zip64local_getShort 0000000180016850     * CIL library *:* CIL module *
 0002:00004850       $unwind$inflateSetDictionary 0000000180016850     * CIL library *:* CIL module *
 0002:00004864       $unwind$fill_window        0000000180016864     * CIL library *:* CIL module *
 0002:00004878       $unwind$longest_match      0000000180016878     * CIL library *:* CIL module *
 0002:00004894       $unwind$read_buf           0000000180016894     * CIL library *:* CIL module *
 0002:000048a8       $chain$0$deflateCopy       00000001800168a8     * CIL library *:* CIL module *
 0002:000048bc       $chain$3$deflateCopy       00000001800168bc     * CIL library *:* CIL module *
 0002:000048d4       $chain$5$deflateCopy       00000001800168d4     * CIL library *:* CIL module *
 0002:000048ec       $chain$6$deflateCopy       00000001800168ec     * CIL library *:* CIL module *
 0002:000048fc       $chain$0$flush_pending     00000001800168fc     * CIL library *:* CIL module *
 0002:00004910       $chain$1$flush_pending     0000000180016910     * CIL library *:* CIL module *
 0002:00004920       $chain$0$deflateParams     0000000180016920     * CIL library *:* CIL module *
 0002:00004934       $chain$1$deflateParams     0000000180016934     * CIL library *:* CIL module *
 0002:00004944       $unwind$gzseek64           0000000180016944     * CIL library *:* CIL module *
 0002:00004944       $unwind$deflateReset       0000000180016944     * CIL library *:* CIL module *
 0002:00004944       $unwind$gzputc             0000000180016944     * CIL library *:* CIL module *
 0002:00004950       $chain$0$deflateReset      0000000180016950     * CIL library *:* CIL module *
 0002:00004964       $chain$1$deflateReset      0000000180016964     * CIL library *:* CIL module *
 0002:00004974       $unwind$deflateInit2_      0000000180016974     * CIL library *:* CIL module *
 0002:00004984       $chain$1$deflateInit2_     0000000180016984     * CIL library *:* CIL module *
 0002:0000499c       $chain$2$deflateInit2_     000000018001699c     * CIL library *:* CIL module *
 0002:000049b0       $chain$3$deflateInit2_     00000001800169b0     * CIL library *:* CIL module *
 0002:000049c0       $chain$5$deflateInit2_     00000001800169c0     * CIL library *:* CIL module *
 0002:000049dc       $chain$6$deflateInit2_     00000001800169dc     * CIL library *:* CIL module *
 0002:000049f4       $chain$7$deflateInit2_     00000001800169f4     * CIL library *:* CIL module *
 0002:00004a04       $chain$0$deflateEnd        0000000180016a04     * CIL library *:* CIL module *
 0002:00004a18       $chain$2$deflateEnd        0000000180016a18     * CIL library *:* CIL module *
 0002:00004a2c       $chain$3$deflateEnd        0000000180016a2c     * CIL library *:* CIL module *
 0002:00004a3c       $unwind$deflate            0000000180016a3c     * CIL library *:* CIL module *
 0002:00004a48       $chain$1$deflate           0000000180016a48     * CIL library *:* CIL module *
 0002:00004a60       $chain$2$deflate           0000000180016a60     * CIL library *:* CIL module *
 0002:00004a74       $chain$3$deflate           0000000180016a74     * CIL library *:* CIL module *
 0002:00004a84       $chain$5$deflate           0000000180016a84     * CIL library *:* CIL module *
 0002:00004a9c       $chain$6$deflate           0000000180016a9c     * CIL library *:* CIL module *
 0002:00004aac       $unwind$gz_next4           0000000180016aac     * CIL library *:* CIL module *
 0002:00004aac       $unwind$Write_EndOfCentralDirectoryRecord 0000000180016aac     * CIL library *:* CIL module *
 0002:00004aac       $unwind$deflate_huff       0000000180016aac     * CIL library *:* CIL module *
 0002:00004aac       $unwind$gzdopen            0000000180016aac     * CIL library *:* CIL module *
 0002:00004aac       $unwind$init_keys          0000000180016aac     * CIL library *:* CIL module *
 0002:00004aac       $unwind$send_all_trees     0000000180016aac     * CIL library *:* CIL module *
 0002:00004aac       $unwind$Write_Zip64EndOfCentralDirectoryRecord 0000000180016aac     * CIL library *:* CIL module *
 0002:00004aac       $unwind$gz_error           0000000180016aac     * CIL library *:* CIL module *
 0002:00004abc       $chain$0$gzseek64          0000000180016abc     * CIL library *:* CIL module *
 0002:00004ad0       $chain$2$gzseek64          0000000180016ad0     * CIL library *:* CIL module *
 0002:00004ad0       $chain$4$gzseek64          0000000180016ad0     * CIL library *:* CIL module *
 0002:00004ae4       $unwind$updatewindow       0000000180016ae4     * CIL library *:* CIL module *
 0002:00004ae4       $unwind$gz_open            0000000180016ae4     * CIL library *:* CIL module *
 0002:00004ae4       $unwind$zipWriteInFileInZip 0000000180016ae4     * CIL library *:* CIL module *
 0002:00004af8       $chain$0$gz_open           0000000180016af8     * CIL library *:* CIL module *
 0002:00004b0c       $chain$1$gz_open           0000000180016b0c     * CIL library *:* CIL module *
 0002:00004b1c       $chain$2$gz_open           0000000180016b1c     * CIL library *:* CIL module *
 0002:00004b30       $unwind$gzgets             0000000180016b30     * CIL library *:* CIL module *
 0002:00004b3c       $chain$3$gzgets            0000000180016b3c     * CIL library *:* CIL module *
 0002:00004b5c       $chain$5$gzgets            0000000180016b5c     * CIL library *:* CIL module *
 0002:00004b7c       $chain$6$gzgets            0000000180016b7c     * CIL library *:* CIL module *
 0002:00004b8c       $unwind$gzread             0000000180016b8c     * CIL library *:* CIL module *
 0002:00004b98       $chain$0$gzread            0000000180016b98     * CIL library *:* CIL module *
 0002:00004bac       $chain$5$gzread            0000000180016bac     * CIL library *:* CIL module *
 0002:00004bcc       $unwind$gz_decomp          0000000180016bcc     * CIL library *:* CIL module *
 0002:00004bdc       $unwind$gz_head            0000000180016bdc     * CIL library *:* CIL module *
 0002:00004bf0       $chain$0$gz_head           0000000180016bf0     * CIL library *:* CIL module *
 0002:00004c04       $chain$2$gz_head           0000000180016c04     * CIL library *:* CIL module *
 0002:00004c18       $chain$3$gz_head           0000000180016c18     * CIL library *:* CIL module *
 0002:00004c18       $chain$1$gz_head           0000000180016c18     * CIL library *:* CIL module *
 0002:00004c28       $unwind$gzclose_r          0000000180016c28     * CIL library *:* CIL module *
 0002:00004c34       $unwind$gzsetparams        0000000180016c34     * CIL library *:* CIL module *
 0002:00004c48       $unwind$gzprintf           0000000180016c48     * CIL library *:* CIL module *
 0002:00004c50       $chain$1$gzprintf          0000000180016c50     * CIL library *:* CIL module *
 0002:00004c68       $chain$3$gzprintf          0000000180016c68     * CIL library *:* CIL module *
 0002:00004c80       $unwind$gzwrite            0000000180016c80     * CIL library *:* CIL module *
 0002:00004c98       $unwind$gz_zero            0000000180016c98     * CIL library *:* CIL module *
 0002:00004ca4       $chain$1$gz_zero           0000000180016ca4     * CIL library *:* CIL module *
 0002:00004cbc       $chain$3$gz_zero           0000000180016cbc     * CIL library *:* CIL module *
 0002:00004cd4       $unwind$unzGetGlobalComment 0000000180016cd4     * CIL library *:* CIL module *
 0002:00004cd4       $unwind$gz_comp            0000000180016cd4     * CIL library *:* CIL module *
 0002:00004ce8       $unwind$gz_init            0000000180016ce8     * CIL library *:* CIL module *
 0002:00004cfc       $unwind$inflateBack        0000000180016cfc     * CIL library *:* CIL module *
 0002:00004d0c       $chain$3$inflateBack       0000000180016d0c     * CIL library *:* CIL module *
 0002:00004d2c       $chain$4$inflateBack       0000000180016d2c     * CIL library *:* CIL module *
 0002:00004d3c       $chain$5$inflateBack       0000000180016d3c     * CIL library *:* CIL module *
 0002:00004d5c       $unwind$inflateBackInit_   0000000180016d5c     * CIL library *:* CIL module *
 0002:00004d6c       $chain$1$inflateBackInit_  0000000180016d6c     * CIL library *:* CIL module *
 0002:00004d84       $chain$3$inflateBackInit_  0000000180016d84     * CIL library *:* CIL module *
 0002:00004d9c       $chain$4$inflateBackInit_  0000000180016d9c     * CIL library *:* CIL module *
 0002:00004dac       $unwind$inflate_fast       0000000180016dac     * CIL library *:* CIL module *
 0002:00004dc4       $unwind$inflateCopy        0000000180016dc4     * CIL library *:* CIL module *
 0002:00004dd0       $chain$1$inflateCopy       0000000180016dd0     * CIL library *:* CIL module *
 0002:00004de8       $chain$2$inflateCopy       0000000180016de8     * CIL library *:* CIL module *
 0002:00004dfc       $chain$3$inflateCopy       0000000180016dfc     * CIL library *:* CIL module *
 0002:00004e0c       $chain$5$inflateCopy       0000000180016e0c     * CIL library *:* CIL module *
 0002:00004e28       $chain$6$inflateCopy       0000000180016e28     * CIL library *:* CIL module *
 0002:00004e38       $unwind$inflateSync        0000000180016e38     * CIL library *:* CIL module *
 0002:00004e44       $chain$1$inflateSync       0000000180016e44     * CIL library *:* CIL module *
 0002:00004e5c       $chain$3$inflateSync       0000000180016e5c     * CIL library *:* CIL module *
 0002:00004e74       $chain$4$inflateSync       0000000180016e74     * CIL library *:* CIL module *
 0002:00004e84       $unwind$update_keys        0000000180016e84     * CIL library *:* CIL module *
 0002:00004e84       $unwind$syncsearch         0000000180016e84     * CIL library *:* CIL module *
 0002:00004e84       $unwind$adler32_combine_   0000000180016e84     * CIL library *:* CIL module *
 0002:00004e8c       $chain$0$updatewindow      0000000180016e8c     * CIL library *:* CIL module *
 0002:00004ea0       $chain$1$updatewindow      0000000180016ea0     * CIL library *:* CIL module *
 0002:00004eb0       $unwind$inflateReset2      0000000180016eb0     * CIL library *:* CIL module *
 0002:00004ec0       $chain$0$inflateReset2     0000000180016ec0     * CIL library *:* CIL module *
 0002:00004ed4       $chain$2$inflateReset2     0000000180016ed4     * CIL library *:* CIL module *
 0002:00004ee8       $chain$3$inflateReset2     0000000180016ee8     * CIL library *:* CIL module *
 0002:00004ef8       $unwind$deflateCopy        0000000180016ef8     * CIL library *:* CIL module *
 0002:00004ef8       $unwind$inflateInit2_      0000000180016ef8     * CIL library *:* CIL module *
 0002:00004f04       $chain$1$inflateInit2_     0000000180016f04     * CIL library *:* CIL module *
 0002:00004f1c       $chain$3$inflateInit2_     0000000180016f1c     * CIL library *:* CIL module *
 0002:00004f34       $chain$4$inflateInit2_     0000000180016f34     * CIL library *:* CIL module *
 0002:00004f44       $unwind$inflate            0000000180016f44     * CIL library *:* CIL module *
 0002:00004f50       $chain$4$inflate           0000000180016f50     * CIL library *:* CIL module *
 0002:00004f74       $chain$7$inflate           0000000180016f74     * CIL library *:* CIL module *
 0002:00004f84       $chain$6$inflate           0000000180016f84     * CIL library *:* CIL module *
 0002:00004f84       $chain$8$inflate           0000000180016f84     * CIL library *:* CIL module *
 0002:00004fa8       $unwind$inflate_table      0000000180016fa8     * CIL library *:* CIL module *
 0002:00004fbc       $chain$0$inflate_table     0000000180016fbc     * CIL library *:* CIL module *
 0002:00004fd0       $chain$1$inflate_table     0000000180016fd0     * CIL library *:* CIL module *
 0002:00004fe0       $unwind$build_bl_tree      0000000180016fe0     * CIL library *:* CIL module *
 0002:00004fe0       $unwind$win32_tell64_file_func 0000000180016fe0     * CIL library *:* CIL module *
 0002:00004fe0       $unwind$gzdirect           0000000180016fe0     * CIL library *:* CIL module *
 0002:00004fe0       $unwind$deflateEnd         0000000180016fe0     * CIL library *:* CIL module *
 0002:00004fe0       $unwind$gz_make            0000000180016fe0     * CIL library *:* CIL module *
 0002:00004fe0       $unwind$inflateEnd         0000000180016fe0     * CIL library *:* CIL module *
 0002:00004fe0       $unwind$win32_tell_file_func 0000000180016fe0     * CIL library *:* CIL module *
 0002:00004fe0       $unwind$unzClose           0000000180016fe0     * CIL library *:* CIL module *
 0002:00004fe0       $unwind$inflateBackEnd     0000000180016fe0     * CIL library *:* CIL module *
 0002:00004fe0       $unwind$copy_block         0000000180016fe0     * CIL library *:* CIL module *
 0002:00004fe0       $unwind$zip64local_putValue 0000000180016fe0     * CIL library *:* CIL module *
 0002:00004fe0       $unwind$gz_avail           0000000180016fe0     * CIL library *:* CIL module *
 0002:00004fe0       $unwind$fseek64_file_func  0000000180016fe0     * CIL library *:* CIL module *
 0002:00004fe0       $unwind$gzputs             0000000180016fe0     * CIL library *:* CIL module *
 0002:00004fe0       $unwind$gzrewind           0000000180016fe0     * CIL library *:* CIL module *
 0002:00004fe0       $unwind$free_linkedlist    0000000180016fe0     * CIL library *:* CIL module *
 0002:00004fe0       $unwind$gzoffset64         0000000180016fe0     * CIL library *:* CIL module *
 0002:00004fe8       $unwind$win32_seek64_file_func 0000000180016fe8     * CIL library *:* CIL module *
 0002:00004ff4       $unwind$win32_read_file_func 0000000180016ff4     * CIL library *:* CIL module *
 0002:00004ff4       $unwind$win32_write_file_func 0000000180016ff4     * CIL library *:* CIL module *
 0002:00005000       $unwind$win32_open_file_func 0000000180017000     * CIL library *:* CIL module *
 0002:00005000       $unwind$win32_open64_file_func 0000000180017000     * CIL library *:* CIL module *
 0002:00005000       $unwind$win32_open64_file_funcW 0000000180017000     * CIL library *:* CIL module *
 0002:00005000       $unwind$win32_open64_file_funcA 0000000180017000     * CIL library *:* CIL module *
 0002:00005008       $unwind$win32_build_iowin  0000000180017008     * CIL library *:* CIL module *
 0002:00005010       $chain$0$win32_build_iowin 0000000180017010     * CIL library *:* CIL module *
 0002:00005024       $chain$2$win32_build_iowin 0000000180017024     * CIL library *:* CIL module *
 0002:00005038       $chain$3$win32_build_iowin 0000000180017038     * CIL library *:* CIL module *
 0002:00005048       $unwind$compress_block     0000000180017048     * CIL library *:* CIL module *
 0002:00005054       $chain$1$compress_block    0000000180017054     * CIL library *:* CIL module *
 0002:0000506c       $chain$4$compress_block    000000018001706c     * CIL library *:* CIL module *
 0002:00005088       $chain$5$compress_block    0000000180017088     * CIL library *:* CIL module *
 0002:00005098       $chain$6$compress_block    0000000180017098     * CIL library *:* CIL module *
 0002:000050a8       $unwind$send_tree          00000001800170a8     * CIL library *:* CIL module *
 0002:000050b0       $chain$3$send_tree         00000001800170b0     * CIL library *:* CIL module *
 0002:000050d0       $chain$4$send_tree         00000001800170d0     * CIL library *:* CIL module *
 0002:000050e0       $unwind$scan_tree          00000001800170e0     * CIL library *:* CIL module *
 0002:000050ec       $unwind$build_tree         00000001800170ec     * CIL library *:* CIL module *
 0002:00005108       $unwind$gen_codes          0000000180017108     * CIL library *:* CIL module *
 0002:00005110       $unwind$gen_bitlen         0000000180017110     * CIL library *:* CIL module *
 0002:00005120       $chain$1$gen_bitlen        0000000180017120     * CIL library *:* CIL module *
 0002:00005138       $chain$3$gen_bitlen        0000000180017138     * CIL library *:* CIL module *
 0002:00005150       $chain$4$gen_bitlen        0000000180017150     * CIL library *:* CIL module *
 0002:00005160       $chain$5$gen_bitlen        0000000180017160     * CIL library *:* CIL module *
 0002:00005170       $unwind$pqdownheap         0000000180017170     * CIL library *:* CIL module *
 0002:00005180       $unwind$uncompress         0000000180017180     * CIL library *:* CIL module *
 0002:00005188       $chain$0$uncompress        0000000180017188     * CIL library *:* CIL module *
 0002:0000519c       $chain$4$uncompress        000000018001719c     * CIL library *:* CIL module *
 0002:0000519c       $chain$2$uncompress        000000018001719c     * CIL library *:* CIL module *
 0002:000051b0       $chain$5$uncompress        00000001800171b0     * CIL library *:* CIL module *
 0002:000051c0       $unwind$flush_pending      00000001800171c0     * CIL library *:* CIL module *
 0002:000051c0       $unwind$unzGetLocalExtrafield 00000001800171c0     * CIL library *:* CIL module *
 0002:000051c0       $unwind$unzCloseCurrentFile 00000001800171c0     * CIL library *:* CIL module *
 0002:000051cc       $chain$0$unzCloseCurrentFile 00000001800171cc     * CIL library *:* CIL module *
 0002:000051e0       $chain$2$unzCloseCurrentFile 00000001800171e0     * CIL library *:* CIL module *
 0002:000051f4       $chain$0$unzGetLocalExtrafield 00000001800171f4     * CIL library *:* CIL module *
 0002:00005208       $chain$8$unzGetLocalExtrafield 0000000180017208     * CIL library *:* CIL module *
 0002:00005208       $chain$2$unzGetLocalExtrafield 0000000180017208     * CIL library *:* CIL module *
 0002:00005208       $chain$4$unzGetLocalExtrafield 0000000180017208     * CIL library *:* CIL module *
 0002:00005208       $chain$6$unzGetLocalExtrafield 0000000180017208     * CIL library *:* CIL module *
 0002:0000521c       $unwind$unzReadCurrentFile 000000018001721c     * CIL library *:* CIL module *
 0002:00005224       $chain$0$unzReadCurrentFile 0000000180017224     * CIL library *:* CIL module *
 0002:00005238       $chain$2$unzReadCurrentFile 0000000180017238     * CIL library *:* CIL module *
 0002:00005238       $chain$4$unzReadCurrentFile 0000000180017238     * CIL library *:* CIL module *
 0002:0000524c       $chain$12$unzReadCurrentFile 000000018001724c     * CIL library *:* CIL module *
 0002:00005278       $chain$14$unzReadCurrentFile 0000000180017278     * CIL library *:* CIL module *
 0002:000052a4       $unwind$unzOpenCurrentFile3 00000001800172a4     * CIL library *:* CIL module *
 0002:000052b4       $chain$0$unzOpenCurrentFile3 00000001800172b4     * CIL library *:* CIL module *
 0002:000052c8       $chain$1$unzOpenCurrentFile3 00000001800172c8     * CIL library *:* CIL module *
 0002:000052dc       $chain$2$unzOpenCurrentFile3 00000001800172dc     * CIL library *:* CIL module *
 0002:000052ec       $chain$4$unzOpenCurrentFile3 00000001800172ec     * CIL library *:* CIL module *
 0002:00005304       $unwind$unz64local_CheckCurrentFileCoherencyHeader 0000000180017304     * CIL library *:* CIL module *
 0002:00005320       $unwind$pre_c_init         0000000180017320     * CIL library *:* CIL module *
 0002:00005320       $unwind$compress           0000000180017320     * CIL library *:* CIL module *
 0002:00005320       $unwind$unzGoToFilePos     0000000180017320     * CIL library *:* CIL module *
 0002:00005320       $unwind$unzOpenCurrentFile 0000000180017320     * CIL library *:* CIL module *
 0002:00005320       $unwind$unzOpenCurrentFile2 0000000180017320     * CIL library *:* CIL module *
 0002:00005320       $unwind$unzOpenCurrentFilePassword 0000000180017320     * CIL library *:* CIL module *
 0002:00005328       $unwind$unzGoToFilePos64   0000000180017328     * CIL library *:* CIL module *
 0002:00005330       $chain$0$unzGoToFilePos64  0000000180017330     * CIL library *:* CIL module *
 0002:00005344       $chain$1$unzGoToFilePos64  0000000180017344     * CIL library *:* CIL module *
 0002:00005354       $unwind$unzGetFilePos      0000000180017354     * CIL library *:* CIL module *
 0002:0000535c       $unwind$unzLocateFile      000000018001735c     * CIL library *:* CIL module *
 0002:0000536c       $chain$3$unzLocateFile     000000018001736c     * CIL library *:* CIL module *
 0002:0000538c       $chain$5$unzLocateFile     000000018001738c     * CIL library *:* CIL module *
 0002:000053ac       $unwind$unzGoToNextFile    00000001800173ac     * CIL library *:* CIL module *
 0002:000053b8       $unwind$unzGoToFirstFile   00000001800173b8     * CIL library *:* CIL module *
 0002:000053c4       $unwind$unzGetCurrentFileInfo 00000001800173c4     * CIL library *:* CIL module *
 0002:000053d0       $unwind$unzGetCurrentFileInfo64 00000001800173d0     * CIL library *:* CIL module *
 0002:000053d8       $unwind$unz64local_GetCurrentFileInfoInternal 00000001800173d8     * CIL library *:* CIL module *
 0002:000053f8       $unwind$zipOpen2_64        00000001800173f8     * CIL library *:* CIL module *
 0002:000053f8       $unwind$unzOpen2           00000001800173f8     * CIL library *:* CIL module *
 0002:000053f8       $unwind$unzOpen2_64        00000001800173f8     * CIL library *:* CIL module *
 0002:00005400       $unwind$unzOpenInternal    0000000180017400     * CIL library *:* CIL module *
 0002:00005418       $chain$3$unzOpenInternal   0000000180017418     * CIL library *:* CIL module *
 0002:00005430       $chain$4$unzOpenInternal   0000000180017430     * CIL library *:* CIL module *
 0002:00005444       $unwind$zip64local_SearchCentralDir64 0000000180017444     * CIL library *:* CIL module *
 0002:00005444       $unwind$unz64local_SearchCentralDir64 0000000180017444     * CIL library *:* CIL module *
 0002:0000545c       $chain$2$unz64local_SearchCentralDir64 000000018001745c     * CIL library *:* CIL module *
 0002:00005470       $chain$3$unz64local_SearchCentralDir64 0000000180017470     * CIL library *:* CIL module *
 0002:00005480       $unwind$zip64local_SearchCentralDir 0000000180017480     * CIL library *:* CIL module *
 0002:00005480       $unwind$unz64local_SearchCentralDir 0000000180017480     * CIL library *:* CIL module *
 0002:00005490       $chain$0$unz64local_SearchCentralDir 0000000180017490     * CIL library *:* CIL module *
 0002:00005490       $chain$0$zip64local_SearchCentralDir 0000000180017490     * CIL library *:* CIL module *
 0002:000054a4       $chain$3$unz64local_SearchCentralDir 00000001800174a4     * CIL library *:* CIL module *
 0002:000054a4       $chain$3$zip64local_SearchCentralDir 00000001800174a4     * CIL library *:* CIL module *
 0002:000054bc       $chain$5$unz64local_SearchCentralDir 00000001800174bc     * CIL library *:* CIL module *
 0002:000054bc       $chain$5$zip64local_SearchCentralDir 00000001800174bc     * CIL library *:* CIL module *
 0002:000054d4       $chain$6$zip64local_SearchCentralDir 00000001800174d4     * CIL library *:* CIL module *
 0002:000054d4       $chain$6$unz64local_SearchCentralDir 00000001800174d4     * CIL library *:* CIL module *
 0002:000054e4       $unwind$zip64local_getLong64 00000001800174e4     * CIL library *:* CIL module *
 0002:000054e4       $unwind$unz64local_getLong64 00000001800174e4     * CIL library *:* CIL module *
 0002:000054e4       $unwind$unz64local_getLong 00000001800174e4     * CIL library *:* CIL module *
 0002:000054e4       $unwind$zip64local_getLong 00000001800174e4     * CIL library *:* CIL module *
 0002:000054f8       $unwind$unz64local_getByte 00000001800174f8     * CIL library *:* CIL module *
 0002:000054f8       $unwind$deflateParams      00000001800174f8     * CIL library *:* CIL module *
 0002:000054f8       $unwind$zip64local_getByte 00000001800174f8     * CIL library *:* CIL module *
 0002:00005508       $unwind$zipClose           0000000180017508     * CIL library *:* CIL module *
 0002:00005518       $chain$0$zipClose          0000000180017518     * CIL library *:* CIL module *
 0002:0000552c       $chain$1$zipClose          000000018001752c     * CIL library *:* CIL module *
 0002:00005540       $chain$2$zipClose          0000000180017540     * CIL library *:* CIL module *
 0002:00005554       $chain$3$zipClose          0000000180017554     * CIL library *:* CIL module *
 0002:00005564       $chain$4$zipClose          0000000180017564     * CIL library *:* CIL module *
 0002:00005574       $chain$5$zipClose          0000000180017574     * CIL library *:* CIL module *
 0002:00005584       $unwind$zipCloseFileInZipRaw64 0000000180017584     * CIL library *:* CIL module *
 0002:000055a0       $chain$0$zipWriteInFileInZip 00000001800175a0     * CIL library *:* CIL module *
 0002:000055b4       $chain$1$zipWriteInFileInZip 00000001800175b4     * CIL library *:* CIL module *
 0002:000055c4       $chain$2$zipWriteInFileInZip 00000001800175c4     * CIL library *:* CIL module *
 0002:000055d8       $unwind$zip64FlushWriteBuffer 00000001800175d8     * CIL library *:* CIL module *
 0002:000055e4       $chain$0$zip64FlushWriteBuffer 00000001800175e4     * CIL library *:* CIL module *
 0002:000055f8       $chain$2$zip64FlushWriteBuffer 00000001800175f8     * CIL library *:* CIL module *
 0002:00005610       $chain$3$zip64FlushWriteBuffer 0000000180017610     * CIL library *:* CIL module *
 0002:00005620       $chain$4$zip64FlushWriteBuffer 0000000180017620     * CIL library *:* CIL module *
 0002:00005630       $unwind$zipOpenNewFileInZip3 0000000180017630     * CIL library *:* CIL module *
 0002:00005630       $unwind$zipOpenNewFileInZip64 0000000180017630     * CIL library *:* CIL module *
 0002:00005630       $unwind$zipOpenNewFileInZip2_64 0000000180017630     * CIL library *:* CIL module *
 0002:00005630       $unwind$zipOpenNewFileInZip2 0000000180017630     * CIL library *:* CIL module *
 0002:00005630       $unwind$zipOpenNewFileInZip3_64 0000000180017630     * CIL library *:* CIL module *
 0002:00005630       $unwind$zipOpenNewFileInZip 0000000180017630     * CIL library *:* CIL module *
 0002:00005638       $unwind$zipOpenNewFileInZip4_64 0000000180017638     * CIL library *:* CIL module *
 0002:00005644       $chain$0$zipOpenNewFileInZip4_64 0000000180017644     * CIL library *:* CIL module *
 0002:00005658       $chain$2$zipOpenNewFileInZip4_64 0000000180017658     * CIL library *:* CIL module *
 0002:0000566c       $chain$6$zipOpenNewFileInZip4_64 000000018001766c     * CIL library *:* CIL module *
 0002:0000568c       $chain$7$zipOpenNewFileInZip4_64 000000018001768c     * CIL library *:* CIL module *
 0002:0000569c       $unwind$Write_LocalFileHeader 000000018001769c     * CIL library *:* CIL module *
 0002:000056b4       $chain$0$Write_LocalFileHeader 00000001800176b4     * CIL library *:* CIL module *
 0002:000056c8       $chain$1$Write_LocalFileHeader 00000001800176c8     * CIL library *:* CIL module *
 0002:000056d8       $unwind$zipOpen2           00000001800176d8     * CIL library *:* CIL module *
 0002:000056e0       $unwind$zipOpen3           00000001800176e0     * CIL library *:* CIL module *
 0002:000056fc       $unwind$LoadCentralDirectoryRecord 00000001800176fc     * CIL library *:* CIL module *
 0002:00005714       $chain$2$zip64local_SearchCentralDir64 0000000180017714     * CIL library *:* CIL module *
 0002:00005728       $chain$3$zip64local_SearchCentralDir64 0000000180017728     * CIL library *:* CIL module *
 0002:00005738       $unwind$zip64local_putValue_inmemory 0000000180017738     * CIL library *:* CIL module *
 0002:00005740       $chain$0$zip64local_putValue 0000000180017740     * CIL library *:* CIL module *
 0002:00005754       $chain$1$zip64local_putValue 0000000180017754     * CIL library *:* CIL module *
 0002:00005764       $unwind$add_data_in_datablock 0000000180017764     * CIL library *:* CIL module *
 0002:00005774       $chain$0$add_data_in_datablock 0000000180017774     * CIL library *:* CIL module *
 0002:00005788       $chain$2$add_data_in_datablock 0000000180017788     * CIL library *:* CIL module *
 0002:0000579c       $unwind$gzgetc             000000018001779c     * CIL library *:* CIL module *
 0002:0000579c       $unwind$gf2_matrix_square  000000018001779c     * CIL library *:* CIL module *
 0002:0000579c       $unwind$free_datablock     000000018001779c     * CIL library *:* CIL module *
 0002:0000579c       $unwind$__clean_type_info_names 000000018001779c     * CIL library *:* CIL module *
 0002:0000579c       $unwind$allocate_new_datablock 000000018001779c     * CIL library *:* CIL module *
 0002:0000579c       $unwind$call_ztell64       000000018001779c     * CIL library *:* CIL module *
 0002:000057a4       $chain$0$free_datablock    00000001800177a4     * CIL library *:* CIL module *
 0002:000057b8       $chain$1$free_datablock    00000001800177b8     * CIL library *:* CIL module *
 0002:000057c8       $unwind$crypthead          00000001800177c8     * CIL library *:* CIL module *
 0002:000057e8       $xdatasym                  00000001800177e8     MSVCRTD:chkstk.obj
 0002:00005a4c       .idata$6                   0000000180017a4c     kernel32:KERNEL32.dll
 0002:00005b04       .idata$6                   0000000180017b04     MSVCRTD:MSVCR110D.dll
 0002:00005ce0       .edata                     0000000180017ce0     zlibwapi.exp
 0002:00005d08       rgpv                       0000000180017d08     zlibwapi.exp
 0002:00005f88       rgszName                   0000000180017f88     zlibwapi.exp
 0002:00006150       rgwOrd                     0000000180018150     zlibwapi.exp
 0002:00006234       szName                     0000000180018234     zlibwapi.exp
 0002:00006241       $N00001                    0000000180018241     zlibwapi.exp
 0002:00006249       $N00140                    0000000180018249     zlibwapi.exp
 0002:00006259       $N00002                    0000000180018259     zlibwapi.exp
 0002:00006262       $N00039                    0000000180018262     zlibwapi.exp
 0002:0000626c       $N00046                    000000018001826c     zlibwapi.exp
 0002:0000627a       $N00003                    000000018001827a     zlibwapi.exp
 0002:00006280       $N00142                    0000000180018280     zlibwapi.exp
 0002:0000628e       $N00004                    000000018001828e     zlibwapi.exp
 0002:00006296       $N00047                    0000000180018296     zlibwapi.exp
 0002:000062a3       $N00005                    00000001800182a3     zlibwapi.exp
 0002:000062af       $N00006                    00000001800182af     zlibwapi.exp
 0002:000062ba       $N00007                    00000001800182ba     zlibwapi.exp
 0002:000062c8       $N00008                    00000001800182c8     zlibwapi.exp
 0002:000062d5       $N00009                    00000001800182d5     zlibwapi.exp
 0002:000062e3       $N00051                    00000001800182e3     zlibwapi.exp
 0002:000062f0       $N00010                    00000001800182f0     zlibwapi.exp
 0002:000062fd       $N00011                    00000001800182fd     zlibwapi.exp
 0002:00006312       $N00144                    0000000180018312     zlibwapi.exp
 0002:00006323       $N00145                    0000000180018323     zlibwapi.exp
 0002:0000632f       $N00110                    000000018001832f     zlibwapi.exp
 0002:00006343       $N00111                    0000000180018343     zlibwapi.exp
 0002:00006359       $N00112                    0000000180018359     zlibwapi.exp
 0002:00006370       $N00113                    0000000180018370     zlibwapi.exp
 0002:00006387       $N00038                    0000000180018387     zlibwapi.exp
 0002:00006395       $N00146                    0000000180018395     zlibwapi.exp
 0002:0000639e       $N00048                    000000018001839e     zlibwapi.exp
 0002:000063a9       $N00012                    00000001800183a9     zlibwapi.exp
 0002:000063b1       $N00147                    00000001800183b1     zlibwapi.exp
 0002:000063bb       $N00148                    00000001800183bb     zlibwapi.exp
 0002:000063c5       $N00149                    00000001800183c5     zlibwapi.exp
 0002:000063ce       $N00013                    00000001800183ce     zlibwapi.exp
 0002:000063d6       $N00034                    00000001800183d6     zlibwapi.exp
 0002:000063dc       $N00014                    00000001800183dc     zlibwapi.exp
 0002:000063e4       $N00015                    00000001800183e4     zlibwapi.exp
 0002:000063ec       $N00030                    00000001800183ec     zlibwapi.exp
 0002:000063f3       $N00041                    00000001800183f3     zlibwapi.exp
 0002:000063fa       $N00150                    00000001800183fa     zlibwapi.exp
 0002:00006403       $N00016                    0000000180018403     zlibwapi.exp
 0002:0000640a       $N00028                    000000018001840a     zlibwapi.exp
 0002:00006413       $N00029                    0000000180018413     zlibwapi.exp
 0002:0000641a       $N00040                    000000018001841a     zlibwapi.exp
 0002:00006421       $N00017                    0000000180018421     zlibwapi.exp
 0002:00006428       $N00032                    0000000180018428     zlibwapi.exp
 0002:00006431       $N00031                    0000000180018431     zlibwapi.exp
 0002:00006438       $N00035                    0000000180018438     zlibwapi.exp
 0002:00006444       $N00033                    0000000180018444     zlibwapi.exp
 0002:0000644b       $N00049                    000000018001844b     zlibwapi.exp
 0002:00006454       $N00018                    0000000180018454     zlibwapi.exp
 0002:0000645c       $N00019                    000000018001845c     zlibwapi.exp
 0002:00006464       $N00044                    0000000180018464     zlibwapi.exp
 0002:00006470       $N00045                    0000000180018470     zlibwapi.exp
 0002:0000647f       $N00043                    000000018001847f     zlibwapi.exp
 0002:00006490       $N00042                    0000000180018490     zlibwapi.exp
 0002:0000649c       $N00020                    000000018001849c     zlibwapi.exp
 0002:000064a7       $N00156                    00000001800184a7     zlibwapi.exp
 0002:000064b8       $N00021                    00000001800184b8     zlibwapi.exp
 0002:000064c6       $N00022                    00000001800184c6     zlibwapi.exp
 0002:000064d3       $N00157                    00000001800184d3     zlibwapi.exp
 0002:000064df       $N00158                    00000001800184df     zlibwapi.exp
[...]
 0004:0000063c       $pdata$3$inflateSync       000000018001a63c     * CIL library *:* CIL module *
 0004:00000648       $pdata$4$inflateSync       000000018001a648     * CIL library *:* CIL module *
 0004:00000654       $pdata$inflateCopy         000000018001a654     * CIL library *:* CIL module *
 0004:00000660       $pdata$1$inflateCopy       000000018001a660     * CIL library *:* CIL module *
 0004:0000066c       $pdata$2$inflateCopy       000000018001a66c     * CIL library *:* CIL module *
 0004:00000678       $pdata$3$inflateCopy       000000018001a678     * CIL library *:* CIL module *
 0004:00000684       $pdata$5$inflateCopy       000000018001a684     * CIL library *:* CIL module *
 0004:00000690       $pdata$6$inflateCopy       000000018001a690     * CIL library *:* CIL module *
 0004:0000069c       $pdata$inflate_table       000000018001a69c     * CIL library *:* CIL module *
 0004:000006a8       $pdata$0$inflate_table     000000018001a6a8     * CIL library *:* CIL module *
 0004:000006b4       $pdata$1$inflate_table     000000018001a6b4     * CIL library *:* CIL module *
 0004:000006c0       $pdata$call_ztell64        000000018001a6c0     * CIL library *:* CIL module *
 0004:000006cc       $pdata$fseek64_file_func   000000018001a6cc     * CIL library *:* CIL module *
 0004:000006d8       $pdata$win32_build_iowin   000000018001a6d8     * CIL library *:* CIL module *
 0004:000006e4       $pdata$0$win32_build_iowin 000000018001a6e4     * CIL library *:* CIL module *
 0004:000006f0       $pdata$2$win32_build_iowin 000000018001a6f0     * CIL library *:* CIL module *
 0004:000006fc       $pdata$3$win32_build_iowin 000000018001a6fc     * CIL library *:* CIL module *
 0004:00000708       $pdata$win32_open_file_func 000000018001a708     * CIL library *:* CIL module *
 0004:00000708       $pdata$win32_open64_file_func 000000018001a708     * CIL library *:* CIL module *
 0004:00000708       $pdata$win32_open64_file_funcA 000000018001a708     * CIL library *:* CIL module *
 0004:00000714       $pdata$win32_open64_file_funcW 000000018001a714     * CIL library *:* CIL module *
 0004:00000720       $pdata$win32_read_file_func 000000018001a720     * CIL library *:* CIL module *
 0004:0000072c       $pdata$win32_write_file_func 000000018001a72c     * CIL library *:* CIL module *
 0004:00000738       $pdata$win32_tell_file_func 000000018001a738     * CIL library *:* CIL module *
 0004:00000744       $pdata$win32_tell64_file_func 000000018001a744     * CIL library *:* CIL module *
 0004:00000750       $pdata$win32_seek_file_func 000000018001a750     * CIL library *:* CIL module *
 0004:0000075c       $pdata$win32_seek64_file_func 000000018001a75c     * CIL library *:* CIL module *
 0004:00000768       $pdata$win32_close_file_func 000000018001a768     * CIL library *:* CIL module *
 0004:00000774       $pdata$pqdownheap          000000018001a774     * CIL library *:* CIL module *
 0004:00000780       $pdata$gen_bitlen          000000018001a780     * CIL library *:* CIL module *
 0004:0000078c       $pdata$1$gen_bitlen        000000018001a78c     * CIL library *:* CIL module *
 0004:00000798       $pdata$3$gen_bitlen        000000018001a798     * CIL library *:* CIL module *
 0004:000007a4       $pdata$4$gen_bitlen        000000018001a7a4     * CIL library *:* CIL module *
 0004:000007b0       $pdata$5$gen_bitlen        000000018001a7b0     * CIL library *:* CIL module *
 0004:000007bc       $pdata$gen_codes           000000018001a7bc     * CIL library *:* CIL module *
 0004:000007c8       $pdata$build_tree          000000018001a7c8     * CIL library *:* CIL module *
 0004:000007d4       $pdata$scan_tree           000000018001a7d4     * CIL library *:* CIL module *
 0004:000007e0       $pdata$send_tree           000000018001a7e0     * CIL library *:* CIL module *
 0004:000007ec       $pdata$3$send_tree         000000018001a7ec     * CIL library *:* CIL module *
 0004:000007f8       $pdata$4$send_tree         000000018001a7f8     * CIL library *:* CIL module *
 0004:00000804       $pdata$build_bl_tree       000000018001a804     * CIL library *:* CIL module *
 0004:00000810       $pdata$send_all_trees      000000018001a810     * CIL library *:* CIL module *
 0004:0000081c       $pdata$_tr_align           000000018001a81c     * CIL library *:* CIL module *
 0004:00000828       $pdata$_tr_flush_block     000000018001a828     * CIL library *:* CIL module *
 0004:00000834       $pdata$compress_block      000000018001a834     * CIL library *:* CIL module *
 0004:00000840       $pdata$1$compress_block    000000018001a840     * CIL library *:* CIL module *
 0004:0000084c       $pdata$4$compress_block    000000018001a84c     * CIL library *:* CIL module *
 0004:00000858       $pdata$5$compress_block    000000018001a858     * CIL library *:* CIL module *
 0004:00000864       $pdata$6$compress_block    000000018001a864     * CIL library *:* CIL module *
 0004:00000870       $pdata$copy_block          000000018001a870     * CIL library *:* CIL module *
 0004:0000087c       $pdata$uncompress          000000018001a87c     * CIL library *:* CIL module *
 0004:00000888       $pdata$0$uncompress        000000018001a888     * CIL library *:* CIL module *
 0004:00000894       $pdata$2$uncompress        000000018001a894     * CIL library *:* CIL module *
 0004:000008a0       $pdata$4$uncompress        000000018001a8a0     * CIL library *:* CIL module *
 0004:000008ac       $pdata$5$uncompress        000000018001a8ac     * CIL library *:* CIL module *
 0004:000008b8       $pdata$unz64local_getByte  000000018001a8b8     * CIL library *:* CIL module *
 0004:000008b8       $pdata$zip64local_getByte  000000018001a8b8     * CIL library *:* CIL module *
 0004:000008c4       $pdata$unz64local_getShort 000000018001a8c4     * CIL library *:* CIL module *
 0004:000008d0       $pdata$unz64local_getLong  000000018001a8d0     * CIL library *:* CIL module *
 0004:000008dc       $pdata$unz64local_getLong64 000000018001a8dc     * CIL library *:* CIL module *
 0004:000008e8       $pdata$zip64local_SearchCentralDir 000000018001a8e8     * CIL library *:* CIL module *
 0004:000008e8       $pdata$unz64local_SearchCentralDir 000000018001a8e8     * CIL library *:* CIL module *
 0004:000008f4       $pdata$0$zip64local_SearchCentralDir 000000018001a8f4     * CIL library *:* CIL module *
 0004:000008f4       $pdata$0$unz64local_SearchCentralDir 000000018001a8f4     * CIL library *:* CIL module *
 0004:00000900       $pdata$3$unz64local_SearchCentralDir 000000018001a900     * CIL library *:* CIL module *
 0004:00000900       $pdata$3$zip64local_SearchCentralDir 000000018001a900     * CIL library *:* CIL module *
 0004:0000090c       $pdata$5$zip64local_SearchCentralDir 000000018001a90c     * CIL library *:* CIL module *
 0004:0000090c       $pdata$5$unz64local_SearchCentralDir 000000018001a90c     * CIL library *:* CIL module *
 0004:00000918       $pdata$6$zip64local_SearchCentralDir 000000018001a918     * CIL library *:* CIL module *
 0004:00000918       $pdata$6$unz64local_SearchCentralDir 000000018001a918     * CIL library *:* CIL module *
 0004:00000924       $pdata$unz64local_SearchCentralDir64 000000018001a924     * CIL library *:* CIL module *
 0004:00000930       $pdata$2$unz64local_SearchCentralDir64 000000018001a930     * CIL library *:* CIL module *
 0004:0000093c       $pdata$3$unz64local_SearchCentralDir64 000000018001a93c     * CIL library *:* CIL module *
 0004:00000948       $pdata$unzOpenInternal     000000018001a948     * CIL library *:* CIL module *
 0004:00000954       $pdata$3$unzOpenInternal   000000018001a954     * CIL library *:* CIL module *
 0004:00000960       $pdata$4$unzOpenInternal   000000018001a960     * CIL library *:* CIL module *
 0004:0000096c       $pdata$unzOpen2            000000018001a96c     * CIL library *:* CIL module *
 0004:00000978       $pdata$unzOpen2_64         000000018001a978     * CIL library *:* CIL module *
 0004:00000984       $pdata$unzClose            000000018001a984     * CIL library *:* CIL module *
 0004:00000990       $pdata$unz64local_GetCurrentFileInfoInternal 000000018001a990     * CIL library *:* CIL module *
 0004:0000099c       $pdata$unzGetCurrentFileInfo64 000000018001a99c     * CIL library *:* CIL module *
 0004:000009a8       $pdata$unzGetCurrentFileInfo 000000018001a9a8     * CIL library *:* CIL module *
 0004:000009b4       $pdata$unzGoToFirstFile    000000018001a9b4     * CIL library *:* CIL module *
 0004:000009c0       $pdata$unzGoToNextFile     000000018001a9c0     * CIL library *:* CIL module *
 0004:000009cc       $pdata$unzLocateFile       000000018001a9cc     * CIL library *:* CIL module *
 0004:000009d8       $pdata$3$unzLocateFile     000000018001a9d8     * CIL library *:* CIL module *
 0004:000009e4       $pdata$5$unzLocateFile     000000018001a9e4     * CIL library *:* CIL module *
 0004:000009f0       $pdata$unzGetFilePos       000000018001a9f0     * CIL library *:* CIL module *
 0004:000009fc       $pdata$unzGoToFilePos64    000000018001a9fc     * CIL library *:* CIL module *
 0004:00000a08       $pdata$0$unzGoToFilePos64  000000018001aa08     * CIL library *:* CIL module *
 0004:00000a14       $pdata$1$unzGoToFilePos64  000000018001aa14     * CIL library *:* CIL module *
 0004:00000a20       $pdata$unzGoToFilePos      000000018001aa20     * CIL library *:* CIL module *
 0004:00000a2c       $pdata$unz64local_CheckCurrentFileCoherencyHeader 000000018001aa2c     * CIL library *:* CIL module *
 0004:00000a38       $pdata$unzOpenCurrentFile3 000000018001aa38     * CIL library *:* CIL module *
 0004:00000a44       $pdata$0$unzOpenCurrentFile3 000000018001aa44     * CIL library *:* CIL module *
 0004:00000a50       $pdata$1$unzOpenCurrentFile3 000000018001aa50     * CIL library *:* CIL module *
 0004:00000a5c       $pdata$2$unzOpenCurrentFile3 000000018001aa5c     * CIL library *:* CIL module *
 0004:00000a68       $pdata$4$unzOpenCurrentFile3 000000018001aa68     * CIL library *:* CIL module *
 0004:00000a74       $pdata$unzOpenCurrentFile  000000018001aa74     * CIL library *:* CIL module *
 0004:00000a80       $pdata$unzOpenCurrentFilePassword 000000018001aa80     * CIL library *:* CIL module *
 0004:00000a8c       $pdata$unzOpenCurrentFile2 000000018001aa8c     * CIL library *:* CIL module *
 0004:00000a98       $pdata$unzReadCurrentFile  000000018001aa98     * CIL library *:* CIL module *
 0004:00000aa4       $pdata$0$unzReadCurrentFile 000000018001aaa4     * CIL library *:* CIL module *
 0004:00000ab0       $pdata$2$unzReadCurrentFile 000000018001aab0     * CIL library *:* CIL module *
 0004:00000abc       $pdata$4$unzReadCurrentFile 000000018001aabc     * CIL library *:* CIL module *
 0004:00000ac8       $pdata$12$unzReadCurrentFile 000000018001aac8     * CIL library *:* CIL module *
 0004:00000ad4       $pdata$14$unzReadCurrentFile 000000018001aad4     * CIL library *:* CIL module *
 0004:00000ae0       $pdata$unzGetLocalExtrafield 000000018001aae0     * CIL library *:* CIL module *
 0004:00000aec       $pdata$0$unzGetLocalExtrafield 000000018001aaec     * CIL library *:* CIL module *
 0004:00000af8       $pdata$2$unzGetLocalExtrafield 000000018001aaf8     * CIL library *:* CIL module *
 0004:00000b04       $pdata$4$unzGetLocalExtrafield 000000018001ab04     * CIL library *:* CIL module *
 0004:00000b10       $pdata$6$unzGetLocalExtrafield 000000018001ab10     * CIL library *:* CIL module *
 0004:00000b1c       $pdata$8$unzGetLocalExtrafield 000000018001ab1c     * CIL library *:* CIL module *
 0004:00000b28       $pdata$unzCloseCurrentFile 000000018001ab28     * CIL library *:* CIL module *
 0004:00000b34       $pdata$0$unzCloseCurrentFile 000000018001ab34     * CIL library *:* CIL module *
 0004:00000b40       $pdata$2$unzCloseCurrentFile 000000018001ab40     * CIL library *:* CIL module *
 0004:00000b4c       $pdata$unzGetGlobalComment 000000018001ab4c     * CIL library *:* CIL module *
 0004:00000b58       $pdata$update_keys         000000018001ab58     * CIL library *:* CIL module *
 0004:00000b64       $pdata$init_keys           000000018001ab64     * CIL library *:* CIL module *
 0004:00000b70       $pdata$crypthead           000000018001ab70     * CIL library *:* CIL module *
 0004:00000b7c       $pdata$allocate_new_datablock 000000018001ab7c     * CIL library *:* CIL module *
 0004:00000b88       $pdata$free_datablock      000000018001ab88     * CIL library *:* CIL module *
 0004:00000b94       $pdata$0$free_datablock    000000018001ab94     * CIL library *:* CIL module *
 0004:00000ba0       $pdata$1$free_datablock    000000018001aba0     * CIL library *:* CIL module *
 0004:00000bac       $pdata$free_linkedlist     000000018001abac     * CIL library *:* CIL module *
 0004:00000bb8       $pdata$add_data_in_datablock 000000018001abb8     * CIL library *:* CIL module *
 0004:00000bc4       $pdata$0$add_data_in_datablock 000000018001abc4     * CIL library *:* CIL module *
 0004:00000bd0       $pdata$2$add_data_in_datablock 000000018001abd0     * CIL library *:* CIL module *
 0004:00000bdc       $pdata$zip64local_putValue 000000018001abdc     * CIL library *:* CIL module *
 0004:00000be8       $pdata$0$zip64local_putValue 000000018001abe8     * CIL library *:* CIL module *
 0004:00000bf4       $pdata$1$zip64local_putValue 000000018001abf4     * CIL library *:* CIL module *
 0004:00000c00       $pdata$zip64local_putValue_inmemory 000000018001ac00     * CIL library *:* CIL module *
 0004:00000c0c       $pdata$zip64local_getShort 000000018001ac0c     * CIL library *:* CIL module *
 0004:00000c18       $pdata$zip64local_getLong  000000018001ac18     * CIL library *:* CIL module *
 0004:00000c24       $pdata$zip64local_getLong64 000000018001ac24     * CIL library *:* CIL module *
 0004:00000c30       $pdata$zip64local_SearchCentralDir64 000000018001ac30     * CIL library *:* CIL module *
 0004:00000c3c       $pdata$2$zip64local_SearchCentralDir64 000000018001ac3c     * CIL library *:* CIL module *
 0004:00000c48       $pdata$3$zip64local_SearchCentralDir64 000000018001ac48     * CIL library *:* CIL module *
 0004:00000c54       $pdata$LoadCentralDirectoryRecord 000000018001ac54     * CIL library *:* CIL module *
 0004:00000c60       $pdata$zipOpen3            000000018001ac60     * CIL library *:* CIL module *
 0004:00000c6c       $pdata$zipOpen2            000000018001ac6c     * CIL library *:* CIL module *
 0004:00000c78       $pdata$zipOpen2_64         000000018001ac78     * CIL library *:* CIL module *
 0004:00000c84       $pdata$Write_LocalFileHeader 000000018001ac84     * CIL library *:* CIL module *
 0004:00000c90       $pdata$0$Write_LocalFileHeader 000000018001ac90     * CIL library *:* CIL module *
 0004:00000c9c       $pdata$1$Write_LocalFileHeader 000000018001ac9c     * CIL library *:* CIL module *
 0004:00000ca8       $pdata$zipOpenNewFileInZip4_64 000000018001aca8     * CIL library *:* CIL module *
 0004:00000cb4       $pdata$0$zipOpenNewFileInZip4_64 000000018001acb4     * CIL library *:* CIL module *
 0004:00000cc0       $pdata$2$zipOpenNewFileInZip4_64 000000018001acc0     * CIL library *:* CIL module *
 0004:00000ccc       $pdata$6$zipOpenNewFileInZip4_64 000000018001accc     * CIL library *:* CIL module *
 0004:00000cd8       $pdata$7$zipOpenNewFileInZip4_64 000000018001acd8     * CIL library *:* CIL module *
 0004:00000ce4       $pdata$zipOpenNewFileInZip3 000000018001ace4     * CIL library *:* CIL module *
 0004:00000cf0       $pdata$zipOpenNewFileInZip3_64 000000018001acf0     * CIL library *:* CIL module *
 0004:00000cfc       $pdata$zipOpenNewFileInZip2 000000018001acfc     * CIL library *:* CIL module *
 0004:00000d08       $pdata$zipOpenNewFileInZip2_64 000000018001ad08     * CIL library *:* CIL module *
 0004:00000d14       $pdata$zipOpenNewFileInZip64 000000018001ad14     * CIL library *:* CIL module *
 0004:00000d20       $pdata$zipOpenNewFileInZip 000000018001ad20     * CIL library *:* CIL module *
 0004:00000d2c       $pdata$zip64FlushWriteBuffer 000000018001ad2c     * CIL library *:* CIL module *
 0004:00000d38       $pdata$0$zip64FlushWriteBuffer 000000018001ad38     * CIL library *:* CIL module *
 0004:00000d44       $pdata$2$zip64FlushWriteBuffer 000000018001ad44     * CIL library *:* CIL module *
 0004:00000d50       $pdata$3$zip64FlushWriteBuffer 000000018001ad50     * CIL library *:* CIL module *
 0004:00000d5c       $pdata$4$zip64FlushWriteBuffer 000000018001ad5c     * CIL library *:* CIL module *
 0004:00000d68       $pdata$zipWriteInFileInZip 000000018001ad68     * CIL library *:* CIL module *
 0004:00000d74       $pdata$0$zipWriteInFileInZip 000000018001ad74     * CIL library *:* CIL module *
 0004:00000d80       $pdata$1$zipWriteInFileInZip 000000018001ad80     * CIL library *:* CIL module *
 0004:00000d8c       $pdata$2$zipWriteInFileInZip 000000018001ad8c     * CIL library *:* CIL module *
 0004:00000d98       $pdata$zipCloseFileInZipRaw64 000000018001ad98     * CIL library *:* CIL module *
 0004:00000da4       $pdata$Write_Zip64EndOfCentralDirectoryLocator 000000018001ada4     * CIL library *:* CIL module *
 0004:00000db0       $pdata$Write_Zip64EndOfCentralDirectoryRecord 000000018001adb0     * CIL library *:* CIL module *
 0004:00000dbc       $pdata$Write_EndOfCentralDirectoryRecord 000000018001adbc     * CIL library *:* CIL module *
 0004:00000dc8       $pdata$Write_GlobalComment 000000018001adc8     * CIL library *:* CIL module *
 0004:00000dd4       $pdata$zipClose            000000018001add4     * CIL library *:* CIL module *
 0004:00000de0       $pdata$0$zipClose          000000018001ade0     * CIL library *:* CIL module *
 0004:00000dec       $pdata$1$zipClose          000000018001adec     * CIL library *:* CIL module *
 0004:00000df8       $pdata$2$zipClose          000000018001adf8     * CIL library *:* CIL module *
 0004:00000e04       $pdata$3$zipClose          000000018001ae04     * CIL library *:* CIL module *
 0004:00000e10       $pdata$4$zipClose          000000018001ae10     * CIL library *:* CIL module *
 0004:00000e1c       $pdata$5$zipClose          000000018001ae1c     * CIL library *:* CIL module *
 0004:00000e28       $pdata$pre_c_init          000000018001ae28     MSVCRTD:crtdll.obj
 0004:00000e34       $pdata$_CRT_INIT           000000018001ae34     MSVCRTD:crtdll.obj
 0004:00000e40       $pdata$_DllMainCRTStartup  000000018001ae40     MSVCRTD:crtdll.obj
 0004:00000e4c       $pdata$__DllMainCRTStartup 000000018001ae4c     MSVCRTD:crtdll.obj
 0004:00000e58       $pdata$_FindPESection      000000018001ae58     MSVCRTD:pesect.obj
 0004:00000e64       $pdata$_IsNonwritableInCurrentImage 000000018001ae64     MSVCRTD:pesect.obj
 0004:00000e70       $pdata$_ValidateImageBase  000000018001ae70     MSVCRTD:pesect.obj
 0004:00000e7c       $pdata$__atonexitinit      000000018001ae7c     MSVCRTD:atonexit.obj
 0004:00000e88       $pdata$_onexit             000000018001ae88     MSVCRTD:atonexit.obj
 0004:00000e94       $pdata$atexit              000000018001ae94     MSVCRTD:atonexit.obj
 0004:00000ea0       $pdata$__security_init_cookie 000000018001aea0     MSVCRTD:gs_support.obj
 0004:00000eac       $pdata$DllMain             000000018001aeac     MSVCRTD:dllmain.obj
 0004:00000eb8       $pdata$_RTC_Initialize     000000018001aeb8     MSVCRTD:initsect.obj
 0004:00000ec4       $pdata$_RTC_Terminate      000000018001aec4     MSVCRTD:initsect.obj
 0004:00000ed0       $pdata$__clean_type_info_names 000000018001aed0     MSVCRTD:tncleanup.obj
 0004:00000ee8       $pdata$__DllMainCRTStartup$filt$0 000000018001aee8     MSVCRTD:crtdll.obj
 0004:00000ef4       $pdata$__DllMainCRTStartup$fin$1 000000018001aef4     MSVCRTD:crtdll.obj
 0004:00000f00       $pdata$_IsNonwritableInCurrentImage$filt$0 000000018001af00     MSVCRTD:pesect.obj
 0004:00000f0c       $pdata$_onexit$fin$0       000000018001af0c     MSVCRTD:atonexit.obj
 0005:00000060       $R000000                   000000018001b060     zlib.res
